Archive member included to satisfy reference by file (symbol)

app/libapp.a(main.c.obj)      (--whole-archive)
app/libapp.a(gptp_sample.c.obj)
                              (--whole-archive)
zephyr/libzephyr.a(cbprintf.c.obj)
                              (--whole-archive)
zephyr/libzephyr.a(cbprintf_packaged.c.obj)
                              (--whole-archive)
zephyr/libzephyr.a(crc32c_sw.c.obj)
                              (--whole-archive)
zephyr/libzephyr.a(crc32_sw.c.obj)
                              (--whole-archive)
zephyr/libzephyr.a(crc16_sw.c.obj)
                              (--whole-archive)
zephyr/libzephyr.a(crc8_sw.c.obj)
                              (--whole-archive)
zephyr/libzephyr.a(crc7_sw.c.obj)
                              (--whole-archive)
zephyr/libzephyr.a(dec.c.obj)
                              (--whole-archive)
zephyr/libzephyr.a(fdtable.c.obj)
                              (--whole-archive)
zephyr/libzephyr.a(hex.c.obj)
                              (--whole-archive)
zephyr/libzephyr.a(notify.c.obj)
                              (--whole-archive)
zephyr/libzephyr.a(printk.c.obj)
                              (--whole-archive)
zephyr/libzephyr.a(onoff.c.obj)
                              (--whole-archive)
zephyr/libzephyr.a(rb.c.obj)  (--whole-archive)
zephyr/libzephyr.a(sem.c.obj)
                              (--whole-archive)
zephyr/libzephyr.a(thread_entry.c.obj)
                              (--whole-archive)
zephyr/libzephyr.a(timeutil.c.obj)
                              (--whole-archive)
zephyr/libzephyr.a(heap.c.obj)
                              (--whole-archive)
zephyr/libzephyr.a(heap-validate.c.obj)
                              (--whole-archive)
zephyr/libzephyr.a(bitarray.c.obj)
                              (--whole-archive)
zephyr/libzephyr.a(multi_heap.c.obj)
                              (--whole-archive)
zephyr/libzephyr.a(cbprintf_complete.c.obj)
                              (--whole-archive)
zephyr/libzephyr.a(mpsc_pbuf.c.obj)
                              (--whole-archive)
zephyr/libzephyr.a(configs.c.obj)
                              (--whole-archive)
zephyr/libzephyr.a(soc.c.obj)
                              (--whole-archive)
zephyr/libzephyr.a(log_list.c.obj)
                              (--whole-archive)
zephyr/libzephyr.a(log_core.c.obj)
                              (--whole-archive)
zephyr/libzephyr.a(log_mgmt.c.obj)
                              (--whole-archive)
zephyr/libzephyr.a(log_msg.c.obj)
                              (--whole-archive)
zephyr/libzephyr.a(log_output.c.obj)
                              (--whole-archive)
zephyr/libzephyr.a(log_msg2.c.obj)
                              (--whole-archive)
zephyr/libzephyr.a(log_backend_rtt.c.obj)
                              (--whole-archive)
zephyr/libzephyr.a(cpp_init.c.obj)
                              (--whole-archive)
zephyr/libzephyr.a(cpp_init_array.c.obj)
                              (--whole-archive)
zephyr/libzephyr.a(cpp_ctors.c.obj)
                              (--whole-archive)
zephyr/libzephyr.a(cpp_dtors.c.obj)
                              (--whole-archive)
zephyr/libzephyr.a(cpp_virtual.c.obj)
                              (--whole-archive)
zephyr/libzephyr.a(cpp_vtable.cpp.obj)
                              (--whole-archive)
zephyr/libzephyr.a(cpp_new.cpp.obj)
                              (--whole-archive)
zephyr/libzephyr.a(addr_utils.c.obj)
                              (--whole-archive)
zephyr/libzephyr.a(tracing_none.c.obj)
                              (--whole-archive)
zephyr/libzephyr.a(system_XMC4500.c.obj)
                              (--whole-archive)
zephyr/libzephyr.a(xmc_usic.c.obj)
                              (--whole-archive)
zephyr/libzephyr.a(xmc4_scu.c.obj)
                              (--whole-archive)
zephyr/libzephyr.a(xmc_gpio.c.obj)
                              (--whole-archive)
zephyr/libzephyr.a(xmc4_gpio.c.obj)
                              (--whole-archive)
zephyr/libzephyr.a(xmc4_eru.c.obj)
                              (--whole-archive)
zephyr/libzephyr.a(xmc_eru.c.obj)
                              (--whole-archive)
zephyr/libzephyr.a(xmc_ccu4.c.obj)
                              (--whole-archive)
zephyr/libzephyr.a(xmc_eth_mac.c.obj)
                              (--whole-archive)
zephyr/libzephyr.a(xmc_eth_phy_ksz8081rnb.c.obj)
                              (--whole-archive)
zephyr/libzephyr.a(xmc_uart.c.obj)
                              (--whole-archive)
zephyr/arch/common/libarch__common.a(sw_isr_common.c.obj)
                              (--whole-archive)
zephyr/arch/arch/arm/core/aarch32/libarch__arm__core__aarch32.a(cpu_idle.S.obj)
                              (--whole-archive)
zephyr/arch/arch/arm/core/aarch32/libarch__arm__core__aarch32.a(fatal.c.obj)
                              (--whole-archive)
zephyr/arch/arch/arm/core/aarch32/libarch__arm__core__aarch32.a(irq_manage.c.obj)
[...]
Memory Configuration

Name             Origin             Length             Attributes
FLASH            0x0000000008000000 0x0000000000100000 xr
SRAM             0x0000000020000000 0x0000000000010000 xw
SDRAM2           0x0000000030000000 0x0000000000008000 rw
IDT_LIST         0x00000000fffff7ff 0x0000000000000800 xw
*default*        0x0000000000000000 0xffffffffffffffff

Linker script and memory map

LOAD zephyr/CMakeFiles/zephyr_pre0.dir/misc/empty_file.c.obj
LOAD zephyr/CMakeFiles/offsets.dir/./arch/arm/core/offsets/offsets.c.obj
                0x0000000000000020                _region_min_align = 0x20

.rel.plt        0x0000000008000000        0x0
 *(SORT_BY_ALIGNMENT(.rel.plt))
                [!provide]                        PROVIDE (__rel_iplt_start = .)
 *(SORT_BY_ALIGNMENT(.rel.iplt))
 .rel.iplt      0x0000000008000000        0x0 zephyr/CMakeFiles/offsets.dir/./arch/arm/core/offsets/offsets.c.obj
                [!provide]                        PROVIDE (__rel_iplt_end = .)

.rela.plt       0x0000000000000000        0x0
 *(SORT_BY_ALIGNMENT(.rela.plt))
                [!provide]                        PROVIDE (__rela_iplt_start = .)
 *(SORT_BY_ALIGNMENT(.rela.iplt))
                [!provide]                        PROVIDE (__rela_iplt_end = .)

.rel.dyn
 *(SORT_BY_ALIGNMENT(.rel.*))

.rela.dyn
 *(SORT_BY_ALIGNMENT(.rela.*))

/DISCARD/
 *(SORT_BY_ALIGNMENT(.plt))
 *(SORT_BY_ALIGNMENT(.iplt))
 *(SORT_BY_ALIGNMENT(.got.plt))
 *(SORT_BY_ALIGNMENT(.igot.plt))
 *(SORT_BY_ALIGNMENT(.got))
 *(SORT_BY_ALIGNMENT(.igot))
 *(SORT_BY_ALIGNMENT(.note.GNU-stack))
                0x0000000008000000                __rom_region_start = 0x8000000

rom_start       0x0000000008000000      0x200
                0x0000000000000000                . = 0x0
                0x0000000000000000                . = ALIGN (0x4)
                0x0000000000000000                . = ALIGN (0x80)
                0x0000000000000000                . = ALIGN (0x200)
                0x0000000008000000                _vector_start = .
 *(SORT_BY_ALIGNMENT(.exc_vector_table))
 *(SORT_BY_ALIGNMENT(.exc_vector_table.*))
 .exc_vector_table._vector_table_section
                0x0000000008000000       0x40 zephyr/arch/arch/arm/core/aarch32/cortex_m/libarch__arm__core__aarch32__cortex_m.a(vector_table.S.obj)
                0x0000000008000000                _vector_table
 *(SORT_BY_ALIGNMENT(.gnu.linkonce.irq_vector_table*))
 .gnu.linkonce.irq_vector_table
                0x0000000008000040      0x1c0 zephyr/arch/common/libisr_tables.a(isr_tables.c.obj)
                0x0000000008000040                _irq_vector_table
 *(SORT_BY_ALIGNMENT(.vectors))
                0x0000000008000200                _vector_end = .

text            0x0000000008000200    0x1d016
                0x0000000008000200                __text_region_start = .
 *(SORT_BY_ALIGNMENT(.text))
 .text          0x0000000008000200      0x378 /home/sebin/LIOT/gcc-arm-none-eabi-9-2019-q4-major/bin/../lib/gcc/arm-none-eabi/9.2.1/thumb/v7e-m+fp/hard/libgcc.a(_arm_addsubdf3.o)
                0x0000000008000200                __aeabi_drsub
                0x0000000008000208                __aeabi_dsub
                0x0000000008000208                __subdf3
                0x000000000800020c                __adddf3
                0x000000000800020c                __aeabi_dadd
                0x0000000008000484                __aeabi_ui2d
                0x0000000008000484                __floatunsidf
                0x00000000080004a4                __floatsidf
                0x00000000080004a4                __aeabi_i2d
                0x00000000080004c8                __extendsfdf2
                0x00000000080004c8                __aeabi_f2d
                0x000000000800050c                __aeabi_ul2d
                0x000000000800050c                __floatundidf
                0x000000000800051c                __floatdidf
                0x000000000800051c                __aeabi_l2d
 .text          0x0000000008000578      0x424 /home/sebin/LIOT/gcc-arm-none-eabi-9-2019-q4-major/bin/../lib/gcc/arm-none-eabi/9.2.1/thumb/v7e-m+fp/hard/libgcc.a(_arm_muldivdf3.o)
                0x0000000008000578                __aeabi_dmul
                0x0000000008000578                __muldf3
                0x00000000080007cc                __aeabi_ddiv
                0x00000000080007cc                __divdf3
 .text          0x000000000800099c      0x110 /home/sebin/LIOT/gcc-arm-none-eabi-9-2019-q4-major/bin/../lib/gcc/arm-none-eabi/9.2.1/thumb/v7e-m+fp/hard/libgcc.a(_arm_cmpdf2.o)
                0x000000000800099c                __gtdf2
                0x000000000800099c                __gedf2
                0x00000000080009a4                __ltdf2
                0x00000000080009a4                __ledf2
                0x00000000080009ac                __cmpdf2
                0x00000000080009ac                __eqdf2
                0x00000000080009ac                __nedf2
                0x0000000008000a28                __aeabi_cdrcmple
                0x0000000008000a38                __aeabi_cdcmple
                0x0000000008000a38                __aeabi_cdcmpeq
                0x0000000008000a48                __aeabi_dcmpeq
                0x0000000008000a5c                __aeabi_dcmplt
                0x0000000008000a70                __aeabi_dcmple
                0x0000000008000a84                __aeabi_dcmpge
                0x0000000008000a98                __aeabi_dcmpgt
 .text          0x0000000008000aac       0x50 /home/sebin/LIOT/gcc-arm-none-eabi-9-2019-q4-major/bin/../lib/gcc/arm-none-eabi/9.2.1/thumb/v7e-m+fp/hard/libgcc.a(_arm_fixdfsi.o)
                0x0000000008000aac                __fixdfsi
                0x0000000008000aac                __aeabi_d2iz
 .text          0x0000000008000afc       0x40 /home/sebin/LIOT/gcc-arm-none-eabi-9-2019-q4-major/bin/../lib/gcc/arm-none-eabi/9.2.1/thumb/v7e-m+fp/hard/libgcc.a(_arm_fixunsdfsi.o)
                0x0000000008000afc                __fixunsdfsi
                0x0000000008000afc                __aeabi_d2uiz
 .text          0x0000000008000b3c       0x30 /home/sebin/LIOT/gcc-arm-none-eabi-9-2019-q4-major/bin/../lib/gcc/arm-none-eabi/9.2.1/thumb/v7e-m+fp/hard/libgcc.a(_aeabi_uldivmod.o)
                0x0000000008000b3c                __aeabi_uldivmod
 .text          0x0000000008000b6c       0x30 /home/sebin/LIOT/gcc-arm-none-eabi-9-2019-q4-major/bin/../lib/gcc/arm-none-eabi/9.2.1/thumb/v7e-m+fp/hard/libgcc.a(_fixdfdi.o)
                0x0000000008000b6c                __aeabi_d2lz
                0x0000000008000b6c                __fixdfdi
 .text          0x0000000008000b9c       0x3c /home/sebin/LIOT/gcc-arm-none-eabi-9-2019-q4-major/bin/../lib/gcc/arm-none-eabi/9.2.1/thumb/v7e-m+fp/hard/libgcc.a(_fixunsdfdi.o)
                0x0000000008000b9c                __aeabi_d2ulz
                0x0000000008000b9c                __fixunsdfdi
 .text          0x0000000008000bd8      0x2c4 /home/sebin/LIOT/gcc-arm-none-eabi-9-2019-q4-major/bin/../lib/gcc/arm-none-eabi/9.2.1/thumb/v7e-m+fp/hard/libgcc.a(_udivmoddi4.o)
                0x0000000008000bd8                __udivmoddi4
 .text          0x0000000008000e9c        0x4 /home/sebin/LIOT/gcc-arm-none-eabi-9-2019-q4-major/bin/../lib/gcc/arm-none-eabi/9.2.1/thumb/v7e-m+fp/hard/libgcc.a(_dvmd_tls.o)
                0x0000000008000e9c                __aeabi_ldiv0
                0x0000000008000e9c                __aeabi_idiv0
 .text          0x0000000008000ea0       0x2c /home/sebin/LIOT/gcc-arm-none-eabi-9-2019-q4-major/bin/../lib/gcc/arm-none-eabi/9.2.1/thumb/v7e-m+fp/hard/libgcc.a(_arm_unorddf2.o)
                0x0000000008000ea0                __aeabi_dcmpun
                0x0000000008000ea0                __unorddf2
 .text          0x0000000008000ecc       0x10 /home/sebin/LIOT/gcc-arm-none-eabi-9-2019-q4-major/arm-none-eabi/lib/thumb/v7e-m+fp/hard/libc_nano.a(lib_a-strlen.o)
                0x0000000008000ecc                strlen
 *(SORT_BY_ALIGNMENT(.text.*))
 *fill*         0x0000000008000edc        0x4 
 .text.gptp_init_clock_ds
                0x0000000008000ee0      0x104 zephyr/subsys/net/l2/ethernet/gptp/libsubsys__net__l2__ethernet__gptp.a(gptp.c.obj)
 *fill*         0x0000000008000fe4        0x4 
 .text.gptp_init_port_ds
                0x0000000008000fe8       0xf8 zephyr/subsys/net/l2/ethernet/gptp/libsubsys__net__l2__ethernet__gptp.a(gptp.c.obj)
 .text.gptp_md_compute_prop_time
                0x00000000080010e0      0x30c zephyr/subsys/net/l2/ethernet/gptp/libsubsys__net__l2__ethernet__gptp.a(gptp_md.c.obj)
 *fill*         0x00000000080013ec        0x4 
 .text.gptp_handle_sync
                0x00000000080013f0       0xac zephyr/subsys/net/l2/ethernet/gptp/libsubsys__net__l2__ethernet__gptp.a(gptp_messages.c.obj)
                0x00000000080013f0                gptp_handle_sync
 *fill*         0x000000000800149c        0x4 
 .text.gptp_mi_clk_slave_sync_compute
                0x00000000080014a0      0x170 zephyr/subsys/net/l2/ethernet/gptp/libsubsys__net__l2__ethernet__gptp.a(gptp_mi.c.obj)
 .text.gptp_compute_gm_rate_ratio
                0x0000000008001610      0x214 zephyr/subsys/net/l2/ethernet/gptp/libsubsys__net__l2__ethernet__gptp.a(gptp_mi.c.obj)
 *fill*         0x0000000008001824        0x4 
 .text.gptp_update_local_port_clock
                0x0000000008001828      0x254 zephyr/subsys/net/l2/ethernet/gptp/libsubsys__net__l2__ethernet__gptp.a(gptp_mi.c.obj)
 *fill*         0x0000000008001a7c        0x4 
 .text.gptp_mi_pss_rcv_compute
                0x0000000008001a80       0xec zephyr/subsys/net/l2/ethernet/gptp/libsubsys__net__l2__ethernet__gptp.a(gptp_mi.c.obj)
 *fill*         0x0000000008001b6c        0x4 
 .text.ptp_clock_xmc_rate_adjust
                0x0000000008001b70       0xc0 modules/umops-drivers/ethernet/lib..__..__dmz__zephyr_xmc_template__drivers__zephyr__ethernet.a(ethernet_xmc.c.obj)
 .text.ptp_xmc_init
                0x0000000008001c30       0xbc modules/umops-drivers/ethernet/lib..__..__dmz__zephyr_xmc_template__drivers__zephyr__ethernet.a(ethernet_xmc.c.obj)
 *fill*         0x0000000008001cec        0x4 
 .text.pow      0x0000000008001cf0      0x36c /home/sebin/LIOT/gcc-arm-none-eabi-9-2019-q4-major/arm-none-eabi/lib/thumb/v7e-m+fp/hard/libm.a(lib_a-w_pow.o)
                0x0000000008001cf0                pow
 *fill*         0x000000000800205c        0x4 
 .text.__ieee754_pow
                0x0000000008002060      0xbb4 /home/sebin/LIOT/gcc-arm-none-eabi-9-2019-q4-major/arm-none-eabi/lib/thumb/v7e-m+fp/hard/libm.a(lib_a-e_pow.o)
                0x0000000008002060                __ieee754_pow
 *fill*         0x0000000008002c14        0x4 
 .text.nan      0x0000000008002c18       0x10 /home/sebin/LIOT/gcc-arm-none-eabi-9-2019-q4-major/arm-none-eabi/lib/thumb/v7e-m+fp/hard/libm.a(lib_a-s_nan.o)
                0x0000000008002c18                nan
 .text.scalbn   0x0000000008002c28      0x124 /home/sebin/LIOT/gcc-arm-none-eabi-9-2019-q4-major/arm-none-eabi/lib/thumb/v7e-m+fp/hard/libm.a(lib_a-s_scalbn.o)
                0x0000000008002c28                scalbn
 *fill*         0x0000000008002d4c        0x4 
 .text._dtoa_r  0x0000000008002d50      0xbbc /home/sebin/LIOT/gcc-arm-none-eabi-9-2019-q4-major/arm-none-eabi/lib/thumb/v7e-m+fp/hard/libc_nano.a(lib_a-dtoa.o)
                0x0000000008002d50                _dtoa_r
 .text.main     0x000000000800390c       0x24 app/libapp.a(main.c.obj)
                0x000000000800390c                main
 .text.stop_handler
                0x0000000008003930       0x10 app/libapp.a(gptp_sample.c.obj)
 .text.get_current_status
                0x0000000008003940      0x2a0 app/libapp.a(gptp_sample.c.obj)
 .text.init_app
                0x0000000008003be0       0x18 app/libapp.a(gptp_sample.c.obj)
 .text.gptp_phase_dis_cb
                0x0000000008003bf8       0x60 app/libapp.a(gptp_sample.c.obj)
 .text.init_testing
                0x0000000008003c58       0xcc app/libapp.a(gptp_sample.c.obj)
                0x0000000008003c58                init_testing
 .text.cbvprintf_package
                0x0000000008003d24      0x4a8 zephyr/libzephyr.a(cbprintf_packaged.c.obj)
                0x0000000008003d24                cbvprintf_package
 .text.__printk_hook_install
                0x00000000080041cc        0xc zephyr/libzephyr.a(printk.c.obj)
                0x00000000080041cc                __printk_hook_install
 .text.vsnprintk
                0x00000000080041d8       0x2c zephyr/libzephyr.a(printk.c.obj)
                0x00000000080041d8                vsnprintk
 .text.extract_decimal
                0x0000000008004204       0x30 zephyr/libzephyr.a(cbprintf_complete.c.obj)
 .text.encode_uint
                0x0000000008004234       0xe0 zephyr/libzephyr.a(cbprintf_complete.c.obj)
 .text.encode_float
                0x0000000008004314      0x430 zephyr/libzephyr.a(cbprintf_complete.c.obj)
 .text.cbvprintf
                0x0000000008004744      0xb50 zephyr/libzephyr.a(cbprintf_complete.c.obj)
                0x0000000008004744                cbvprintf
 .text.z_arm_platform_init
                0x0000000008005294       0x38 zephyr/libzephyr.a(soc.c.obj)
                0x0000000008005294                z_arm_platform_init
 .text.msg_process
                0x00000000080052cc       0x50 zephyr/libzephyr.a(log_core.c.obj)
 .text.log_init
                0x000000000800531c       0x70 zephyr/libzephyr.a(log_core.c.obj)
                0x000000000800531c                log_init
 .text.log_set_timestamp_func
                0x000000000800538c       0x1c zephyr/libzephyr.a(log_core.c.obj)
                0x000000000800538c                log_set_timestamp_func
 .text.log_core_init
                0x00000000080053a8       0x24 zephyr/libzephyr.a(log_core.c.obj)
                0x00000000080053a8                log_core_init
 .text.z_impl_log_panic
                0x00000000080053cc       0x50 zephyr/libzephyr.a(log_core.c.obj)
                0x00000000080053cc                z_impl_log_panic
 .text.z_log_notify_backend_enabled
                0x000000000800541c        0xc zephyr/libzephyr.a(log_core.c.obj)
                0x000000000800541c                z_log_notify_backend_enabled
 .text.z_log_dropped
                0x0000000008005428       0x40 zephyr/libzephyr.a(log_core.c.obj)
                0x0000000008005428                z_log_dropped
 .text.z_log_msg2_commit
                0x0000000008005468       0x1c zephyr/libzephyr.a(log_core.c.obj)
                0x0000000008005468                z_log_msg2_commit
 .text.log_source_name_get
                0x0000000008005484       0x20 zephyr/libzephyr.a(log_mgmt.c.obj)
                0x0000000008005484                log_source_name_get
 .text.log_backend_enable
                0x00000000080054a4       0x24 zephyr/libzephyr.a(log_mgmt.c.obj)
                0x00000000080054a4                log_backend_enable
 .text.print_formatted
                0x00000000080054c8       0x24 zephyr/libzephyr.a(log_output.c.obj)
 .text.timestamp_print
                0x00000000080054ec       0x8c zephyr/libzephyr.a(log_output.c.obj)
 .text.color_print
                0x0000000008005578       0x2c zephyr/libzephyr.a(log_output.c.obj)
 .text.newline_print
                0x00000000080055a4       0x28 zephyr/libzephyr.a(log_output.c.obj)
 .text.hexdump_line_print
                0x00000000080055cc       0xc4 zephyr/libzephyr.a(log_output.c.obj)
 .text.ids_print
                0x0000000008005690       0x6c zephyr/libzephyr.a(log_output.c.obj)
 .text.prefix_print
                0x00000000080056fc       0x78 zephyr/libzephyr.a(log_output.c.obj)
 .text.log_output_msg2_process
                0x0000000008005774       0xb8 zephyr/libzephyr.a(log_output.c.obj)
                0x0000000008005774                log_output_msg2_process
 .text.log_output_timestamp_freq_set
                0x000000000800582c       0x2c zephyr/libzephyr.a(log_output.c.obj)
                0x000000000800582c                log_output_timestamp_freq_set
 .text.log_backend_rtt_init
                0x0000000008005858        0xc zephyr/libzephyr.a(log_backend_rtt.c.obj)
 .text.on_failed_write
                0x0000000008005864       0x1c zephyr/libzephyr.a(log_backend_rtt.c.obj)
 .text.on_write
                0x0000000008005880       0x38 zephyr/libzephyr.a(log_backend_rtt.c.obj)
 .text.data_out_block_mode
                0x00000000080058b8       0x4c zephyr/libzephyr.a(log_backend_rtt.c.obj)
 .text.panic    0x0000000008005904       0x18 zephyr/libzephyr.a(log_backend_rtt.c.obj)
 .text.process  0x000000000800591c       0x10 zephyr/libzephyr.a(log_backend_rtt.c.obj)
 .text.__do_init_array_aux
                0x000000000800592c       0x1c zephyr/libzephyr.a(cpp_init_array.c.obj)
                0x000000000800592c                __do_init_array_aux
 .text.__do_global_ctors_aux
                0x0000000008005948       0x20 zephyr/libzephyr.a(cpp_ctors.c.obj)
                0x0000000008005948                __do_global_ctors_aux
 .text.OSCHP_GetFrequency
                0x0000000008005968        0x8 zephyr/libzephyr.a(system_XMC4500.c.obj)
                0x0000000008005968                OSCHP_GetFrequency
 .text.SystemCoreClockUpdate
                0x0000000008005970       0x8c zephyr/libzephyr.a(system_XMC4500.c.obj)
                0x0000000008005970                SystemCoreClockUpdate
 .text.SystemCoreClockSetup
                0x00000000080059fc      0x1ac zephyr/libzephyr.a(system_XMC4500.c.obj)
                0x00000000080059fc                SystemCoreClockSetup
 .text.XMC_USIC_CH_SetBaudrate
                0x0000000008005ba8       0x90 zephyr/libzephyr.a(xmc_usic.c.obj)
                0x0000000008005ba8                XMC_USIC_CH_SetBaudrate
 .text.XMC_USIC_CH_SetBaudrateEx
                0x0000000008005c38       0x94 zephyr/libzephyr.a(xmc_usic.c.obj)
                0x0000000008005c38                XMC_USIC_CH_SetBaudrateEx
 .text.XMC_USIC_Enable
                0x0000000008005ccc       0x64 zephyr/libzephyr.a(xmc_usic.c.obj)
                0x0000000008005ccc                XMC_USIC_Enable
 .text.XMC_USIC_CH_Enable
                0x0000000008005d30       0x74 zephyr/libzephyr.a(xmc_usic.c.obj)
                0x0000000008005d30                XMC_USIC_CH_Enable
 .text.XMC_SCU_INTERRUPT_ClearEventStatus
                0x0000000008005da4        0xc zephyr/libzephyr.a(xmc4_scu.c.obj)
                0x0000000008005da4                XMC_SCU_INTERRUPT_ClearEventStatus
 .text.XMC_SCU_RESET_DeassertPeripheralReset
                0x0000000008005db0       0x18 zephyr/libzephyr.a(xmc4_scu.c.obj)
                0x0000000008005db0                XMC_SCU_RESET_DeassertPeripheralReset
 .text.XMC_SCU_RESET_IsPeripheralResetAsserted
                0x0000000008005dc8       0x20 zephyr/libzephyr.a(xmc4_scu.c.obj)
                0x0000000008005dc8                XMC_SCU_RESET_IsPeripheralResetAsserted
 .text.XMC_SCU_CLOCK_GetPeripheralClockFrequency
                0x0000000008005de8       0x18 zephyr/libzephyr.a(xmc4_scu.c.obj)
                0x0000000008005de8                XMC_SCU_CLOCK_GetPeripheralClockFrequency
 .text.XMC_SCU_CLOCK_EnableClock
                0x0000000008005e00        0xc zephyr/libzephyr.a(xmc4_scu.c.obj)
                0x0000000008005e00                XMC_SCU_CLOCK_EnableClock
 .text.XMC_GPIO_Init
                0x0000000008005e0c       0x9c zephyr/libzephyr.a(xmc4_gpio.c.obj)
                0x0000000008005e0c                XMC_GPIO_Init
 .text.XMC_ERU_Enable
                0x0000000008005ea8       0x18 zephyr/libzephyr.a(xmc4_eru.c.obj)
                0x0000000008005ea8                XMC_ERU_Enable
 .text.XMC_CCU4_EnableModule
                0x0000000008005ec0       0x58 zephyr/libzephyr.a(xmc_ccu4.c.obj)
                0x0000000008005ec0                XMC_CCU4_EnableModule
 .text.XMC_ETH_MAC_InitTxDescriptors
                0x0000000008005f18       0x68 zephyr/libzephyr.a(xmc_eth_mac.c.obj)
                0x0000000008005f18                XMC_ETH_MAC_InitTxDescriptors
 .text.XMC_ETH_MAC_InitEx
                0x0000000008005f80       0x88 zephyr/libzephyr.a(xmc_eth_mac.c.obj)
                0x0000000008005f80                XMC_ETH_MAC_InitEx
 .text.XMC_ETH_MAC_SetManagmentClockDivider
                0x0000000008006008       0x90 zephyr/libzephyr.a(xmc_eth_mac.c.obj)
                0x0000000008006008                XMC_ETH_MAC_SetManagmentClockDivider
 .text.XMC_ETH_MAC_Enable
                0x0000000008006098       0x14 zephyr/libzephyr.a(xmc_eth_mac.c.obj)
                0x0000000008006098                XMC_ETH_MAC_Enable
 .text.XMC_ETH_MAC_InitPTP
                0x00000000080060ac       0xe4 zephyr/libzephyr.a(xmc_eth_mac.c.obj)
                0x00000000080060ac                XMC_ETH_MAC_InitPTP
 .text.XMC_ETH_MAC_SetPTPTime
                0x0000000008006190       0x30 zephyr/libzephyr.a(xmc_eth_mac.c.obj)
                0x0000000008006190                XMC_ETH_MAC_SetPTPTime
 .text.XMC_ETH_MAC_GetTxTimeStamp
                0x00000000080061c0       0x38 zephyr/libzephyr.a(xmc_eth_mac.c.obj)
                0x00000000080061c0                XMC_ETH_MAC_GetTxTimeStamp
 .text.z_arm_cpu_idle_init
                0x00000000080061f8        0x4 zephyr/arch/arch/arm/core/aarch32/libarch__arm__core__aarch32.a(cpu_idle.S.obj)
                0x00000000080061f8                z_arm_cpu_idle_init
 .text.arch_cpu_idle
                0x00000000080061fc        0x4 zephyr/arch/arch/arm/core/aarch32/libarch__arm__core__aarch32.a(cpu_idle.S.obj)
                0x00000000080061fc                arch_cpu_idle
 .text.esf_dump
                0x0000000008006200      0x344 zephyr/arch/arch/arm/core/aarch32/libarch__arm__core__aarch32.a(fatal.c.obj)
 .text.arch_irq_enable
                0x0000000008006544       0x20 zephyr/arch/arch/arm/core/aarch32/libarch__arm__core__aarch32.a(irq_manage.c.obj)
                0x0000000008006544                arch_irq_enable
 .text.z_arm_irq_priority_set
                0x0000000008006564       0x2c zephyr/arch/arch/arm/core/aarch32/libarch__arm__core__aarch32.a(irq_manage.c.obj)
                0x0000000008006564                z_arm_irq_priority_set
 .text.z_SysNmiOnReset
                0x0000000008006590        0x8 zephyr/arch/arch/arm/core/aarch32/libarch__arm__core__aarch32.a(nmi_on_reset.S.obj)
                0x0000000008006590                z_SysNmiOnReset
 .text.z_arm_prep_c
                0x0000000008006598       0x5c zephyr/arch/arch/arm/core/aarch32/libarch__arm__core__aarch32.a(prep_c.c.obj)
                0x0000000008006598                z_arm_prep_c
 .text.arch_swap
                0x00000000080065f4       0x38 zephyr/arch/arch/arm/core/aarch32/libarch__arm__core__aarch32.a(swap.c.obj)
                0x00000000080065f4                arch_swap
 .text.z_arm_pendsv
                0x000000000800662c       0x94 zephyr/arch/arch/arm/core/aarch32/libarch__arm__core__aarch32.a(swap_helper.S.obj)
                0x000000000800662c                z_arm_pendsv
 .text.z_arm_svc
                0x00000000080066c0       0x20 zephyr/arch/arch/arm/core/aarch32/libarch__arm__core__aarch32.a(swap_helper.S.obj)
                0x00000000080066c0                z_arm_svc
 .text.arch_new_thread
                0x00000000080066e0       0x7c zephyr/arch/arch/arm/core/aarch32/libarch__arm__core__aarch32.a(thread.c.obj)
                0x00000000080066e0                arch_new_thread
 .text.z_arm_mpu_stack_guard_and_fpu_adjust
                0x000000000800675c       0x8c zephyr/arch/arch/arm/core/aarch32/libarch__arm__core__aarch32.a(thread.c.obj)
                0x000000000800675c                z_arm_mpu_stack_guard_and_fpu_adjust
 .text.z_check_thread_stack_fail
                0x00000000080067e8       0x70 zephyr/arch/arch/arm/core/aarch32/libarch__arm__core__aarch32.a(thread.c.obj)
                0x00000000080067e8                z_check_thread_stack_fail
 .text.arch_switch_to_main_thread
                0x0000000008006858       0x34 zephyr/arch/arch/arm/core/aarch32/libarch__arm__core__aarch32.a(thread.c.obj)
                0x0000000008006858                arch_switch_to_main_thread
 .text._isr_wrapper
                0x000000000800688c       0x28 zephyr/arch/arch/arm/core/aarch32/libarch__arm__core__aarch32.a(isr_wrapper.S.obj)
                0x000000000800688c                _isr_wrapper
 .text._HandlerModeExit
                0x00000000080068b4       0x1c zephyr/arch/arch/arm/core/aarch32/cortex_m/libarch__arm__core__aarch32__cortex_m.a(exc_exit.S.obj)
                0x00000000080068b4                z_arm_exc_exit
                0x00000000080068b4                z_arm_int_exit
 .text.bus_fault
                0x00000000080068d0      0x2ec zephyr/arch/arch/arm/core/aarch32/cortex_m/libarch__arm__core__aarch32__cortex_m.a(fault.c.obj)
 .text.usage_fault
                0x0000000008006bbc      0x278 zephyr/arch/arch/arm/core/aarch32/cortex_m/libarch__arm__core__aarch32__cortex_m.a(fault.c.obj)
 .text.debug_monitor
                0x0000000008006e34       0x5c zephyr/arch/arch/arm/core/aarch32/cortex_m/libarch__arm__core__aarch32__cortex_m.a(fault.c.obj)
 .text.reserved_exception
                0x0000000008006e90       0x3c zephyr/arch/arch/arm/core/aarch32/cortex_m/libarch__arm__core__aarch32__cortex_m.a(fault.c.obj)
 .text.mem_manage_fault
                0x0000000008006ecc      0x2dc zephyr/arch/arch/arm/core/aarch32/cortex_m/libarch__arm__core__aarch32__cortex_m.a(fault.c.obj)
 .text.hard_fault
                0x00000000080071a8      0x20c zephyr/arch/arch/arm/core/aarch32/cortex_m/libarch__arm__core__aarch32__cortex_m.a(fault.c.obj)
 .text.z_arm_fault
                0x00000000080073b4       0xe4 zephyr/arch/arch/arm/core/aarch32/cortex_m/libarch__arm__core__aarch32__cortex_m.a(fault.c.obj)
                0x00000000080073b4                z_arm_fault
 .text.z_arm_fault_init
                0x0000000008007498       0x10 zephyr/arch/arch/arm/core/aarch32/cortex_m/libarch__arm__core__aarch32__cortex_m.a(fault.c.obj)
                0x0000000008007498                z_arm_fault_init
 .text.__fault  0x00000000080074a8       0x14 zephyr/arch/arch/arm/core/aarch32/cortex_m/libarch__arm__core__aarch32__cortex_m.a(fault_s.S.obj)
                0x00000000080074a8                z_arm_bus_fault
                0x00000000080074a8                z_arm_usage_fault
                0x00000000080074a8                z_arm_mpu_fault
                0x00000000080074a8                z_arm_exc_spurious
                0x00000000080074a8                z_arm_debug_monitor
                0x00000000080074a8                z_arm_hard_fault
 .text.z_arm_interrupt_init
                0x00000000080074bc       0x34 zephyr/arch/arch/arm/core/aarch32/cortex_m/libarch__arm__core__aarch32__cortex_m.a(irq_init.c.obj)
                0x00000000080074bc                z_arm_interrupt_init
 .text._reset_section
                0x00000000080074f0       0x3c zephyr/arch/arch/arm/core/aarch32/cortex_m/libarch__arm__core__aarch32__cortex_m.a(reset.S.obj)
                0x00000000080074f0                z_arm_reset
                0x00000000080074f0                __start
 .text.z_impl_k_thread_abort
                0x000000000800752c       0x2c zephyr/arch/arch/arm/core/aarch32/cortex_m/libarch__arm__core__aarch32__cortex_m.a(thread_abort.c.obj)
                0x000000000800752c                z_impl_k_thread_abort
 .text.z_arm_configure_static_mpu_regions
                0x0000000008007558       0x1c zephyr/arch/arch/arm/core/aarch32/mpu/libarch__arm__core__aarch32__mpu.a(arm_core_mpu.c.obj)
                0x0000000008007558                z_arm_configure_static_mpu_regions
 .text.z_arm_configure_dynamic_mpu_regions
                0x0000000008007574       0x2c zephyr/arch/arch/arm/core/aarch32/mpu/libarch__arm__core__aarch32__mpu.a(arm_core_mpu.c.obj)
                0x0000000008007574                z_arm_configure_dynamic_mpu_regions
 .text.region_init
                0x00000000080075a0       0x20 zephyr/arch/arch/arm/core/aarch32/mpu/libarch__arm__core__aarch32__mpu.a(arm_mpu.c.obj)
 .text.region_allocate_and_init
                0x00000000080075c0       0x6c zephyr/arch/arch/arm/core/aarch32/mpu/libarch__arm__core__aarch32__mpu.a(arm_mpu.c.obj)
 .text.mpu_configure_regions
                0x000000000800762c       0xa4 zephyr/arch/arch/arm/core/aarch32/mpu/libarch__arm__core__aarch32__mpu.a(arm_mpu.c.obj)
 .text.mpu_configure_static_mpu_regions
                0x00000000080076d0       0x14 zephyr/arch/arch/arm/core/aarch32/mpu/libarch__arm__core__aarch32__mpu.a(arm_mpu.c.obj)
 .text.mpu_configure_dynamic_mpu_regions
                0x00000000080076e4       0x30 zephyr/arch/arch/arm/core/aarch32/mpu/libarch__arm__core__aarch32__mpu.a(arm_mpu.c.obj)
 .text.arm_core_mpu_enable
                0x0000000008007714       0x14 zephyr/arch/arch/arm/core/aarch32/mpu/libarch__arm__core__aarch32__mpu.a(arm_mpu.c.obj)
                0x0000000008007714                arm_core_mpu_enable
 .text.arm_core_mpu_disable
                0x0000000008007728       0x10 zephyr/arch/arch/arm/core/aarch32/mpu/libarch__arm__core__aarch32__mpu.a(arm_mpu.c.obj)
                0x0000000008007728                arm_core_mpu_disable
 .text.z_arm_mpu_init
                0x0000000008007738       0x44 zephyr/arch/arch/arm/core/aarch32/mpu/libarch__arm__core__aarch32__mpu.a(arm_mpu.c.obj)
                0x0000000008007738                z_arm_mpu_init
 .text.__stdout_hook_install
                0x000000000800777c        0xc zephyr/lib/libc/newlib/liblib__libc__newlib.a(libc-hooks.c.obj)
                0x000000000800777c                __stdout_hook_install
 .text.z_impl_zephyr_write_stdout
                0x0000000008007788       0x34 zephyr/lib/libc/newlib/liblib__libc__newlib.a(libc-hooks.c.obj)
                0x0000000008007788                z_impl_zephyr_write_stdout
 .text._sbrk    0x00000000080077bc       0x2c zephyr/lib/libc/newlib/liblib__libc__newlib.a(libc-hooks.c.obj)
                0x00000000080077bc                _sbrk
                0x00000000080077bc                sbrk
 .text.__chk_fail
                0x00000000080077e8       0x1c zephyr/lib/libc/newlib/liblib__libc__newlib.a(libc-hooks.c.obj)
                0x00000000080077e8                __chk_fail
 .text.pool_id  0x0000000008007804       0x18 zephyr/subsys/net/libsubsys__net.a(buf.c.obj)
 .text.net_buf_pool_get
                0x000000000800781c       0x10 zephyr/subsys/net/libsubsys__net.a(buf.c.obj)
                0x000000000800781c                net_buf_pool_get
 .text.ethernet_fill_in_dst_on_ipv6_mcast
                0x000000000800782c       0x38 zephyr/subsys/net/l2/ethernet/libsubsys__net__l2__ethernet.a(ethernet.c.obj)
 .text.net_eth_broadcast_addr
                0x0000000008007864        0x8 zephyr/subsys/net/l2/ethernet/libsubsys__net__l2__ethernet.a(ethernet.c.obj)
                0x0000000008007864                net_eth_broadcast_addr
 .text.ethernet_send
                0x000000000800786c      0x10c zephyr/subsys/net/l2/ethernet/libsubsys__net__l2__ethernet.a(ethernet.c.obj)
 .text.net_eth_get_ptp_clock
                0x0000000008007978       0x48 zephyr/subsys/net/l2/ethernet/libsubsys__net__l2__ethernet.a(ethernet.c.obj)
                0x0000000008007978                net_eth_get_ptp_clock
 .text.ethernet_init
                0x00000000080079c0       0x50 zephyr/subsys/net/l2/ethernet/libsubsys__net__l2__ethernet.a(ethernet.c.obj)
                0x00000000080079c0                ethernet_init
 .text.arp_entry_get_free
                0x0000000008007a10       0x20 zephyr/subsys/net/l2/ethernet/libsubsys__net__l2__ethernet.a(arp.c.obj)
 .text.arp_entry_get_last_from_table
                0x0000000008007a30       0x40 zephyr/subsys/net/l2/ethernet/libsubsys__net__l2__ethernet.a(arp.c.obj)
 .text.arp_gratuitous
                0x0000000008007a70       0x28 zephyr/subsys/net/l2/ethernet/libsubsys__net__l2__ethernet.a(arp.c.obj)
 .text.arp_entry_register_pending
                0x0000000008007a98       0x54 zephyr/subsys/net/l2/ethernet/libsubsys__net__l2__ethernet.a(arp.c.obj)
 .text.arp_request_timeout
                0x0000000008007aec       0xbc zephyr/subsys/net/l2/ethernet/libsubsys__net__l2__ethernet.a(arp.c.obj)
 .text.arp_entry_get_pending
                0x0000000008007ba8       0x60 zephyr/subsys/net/l2/ethernet/libsubsys__net__l2__ethernet.a(arp.c.obj)
 .text.arp_update
                0x0000000008007c08       0xd4 zephyr/subsys/net/l2/ethernet/libsubsys__net__l2__ethernet.a(arp.c.obj)
 .text.net_arp_prepare
                0x0000000008007cdc      0x290 zephyr/subsys/net/l2/ethernet/libsubsys__net__l2__ethernet.a(arp.c.obj)
                0x0000000008007cdc                net_arp_prepare
 .text.net_arp_clear_cache
                0x0000000008007f6c      0x110 zephyr/subsys/net/l2/ethernet/libsubsys__net__l2__ethernet.a(arp.c.obj)
                0x0000000008007f6c                net_arp_clear_cache
 .text.net_arp_init
                0x000000000800807c       0x6c zephyr/subsys/net/l2/ethernet/libsubsys__net__l2__ethernet.a(arp.c.obj)
                0x000000000800807c                net_arp_init
 .text.gptp_compute_clock_identity
                0x00000000080080e8       0x60 zephyr/subsys/net/l2/ethernet/gptp/libsubsys__net__l2__ethernet__gptp.a(gptp.c.obj)
 .text.timer_get_remaining_and_stop
                0x0000000008008148       0x38 zephyr/subsys/net/l2/ethernet/gptp/libsubsys__net__l2__ethernet__gptp.a(gptp.c.obj)
 .text.gptp_state_machine
                0x0000000008008180       0x94 zephyr/subsys/net/l2/ethernet/gptp/libsubsys__net__l2__ethernet__gptp.a(gptp.c.obj)
 .text.gptp_add_port
                0x0000000008008214       0x38 zephyr/subsys/net/l2/ethernet/gptp/libsubsys__net__l2__ethernet__gptp.a(gptp.c.obj)
 .text.init_ports
                0x000000000800824c       0x5c zephyr/subsys/net/l2/ethernet/gptp/libsubsys__net__l2__ethernet__gptp.a(gptp.c.obj)
 .text.gptp_get_port_number
                0x00000000080082a8       0x48 zephyr/subsys/net/l2/ethernet/gptp/libsubsys__net__l2__ethernet__gptp.a(gptp.c.obj)
                0x00000000080082a8                gptp_get_port_number
 .text.gptp_handle_critical_msg
                0x00000000080082f0       0x78 zephyr/subsys/net/l2/ethernet/gptp/libsubsys__net__l2__ethernet__gptp.a(gptp.c.obj)
 .text.gptp_handle_msg
                0x0000000008008368      0x288 zephyr/subsys/net/l2/ethernet/gptp/libsubsys__net__l2__ethernet__gptp.a(gptp.c.obj)
 .text.gptp_is_slave_port
                0x00000000080085f0       0x18 zephyr/subsys/net/l2/ethernet/gptp/libsubsys__net__l2__ethernet__gptp.a(gptp.c.obj)
                0x00000000080085f0                gptp_is_slave_port
 .text.net_gptp_recv
                0x0000000008008608       0x40 zephyr/subsys/net/l2/ethernet/gptp/libsubsys__net__l2__ethernet__gptp.a(gptp.c.obj)
                0x0000000008008608                net_gptp_recv
 .text.gptp_set_time_itv
                0x0000000008008648      0x158 zephyr/subsys/net/l2/ethernet/gptp/libsubsys__net__l2__ethernet__gptp.a(gptp.c.obj)
                0x0000000008008648                gptp_set_time_itv
 .text.gptp_thread
                0x00000000080087a0       0x50 zephyr/subsys/net/l2/ethernet/gptp/libsubsys__net__l2__ethernet__gptp.a(gptp.c.obj)
 .text.gptp_uscaled_ns_to_timer_ms
                0x00000000080087f0       0x5c zephyr/subsys/net/l2/ethernet/gptp/libsubsys__net__l2__ethernet__gptp.a(gptp.c.obj)
                0x00000000080087f0                gptp_uscaled_ns_to_timer_ms
 .text.gptp_update_pdelay_req_interval
                0x000000000800884c       0x9c zephyr/subsys/net/l2/ethernet/gptp/libsubsys__net__l2__ethernet__gptp.a(gptp.c.obj)
                0x000000000800884c                gptp_update_pdelay_req_interval
 .text.gptp_update_sync_interval
                0x00000000080088e8      0x110 zephyr/subsys/net/l2/ethernet/gptp/libsubsys__net__l2__ethernet__gptp.a(gptp.c.obj)
                0x00000000080088e8                gptp_update_sync_interval
 .text.gptp_update_announce_interval
                0x00000000080089f8       0xa0 zephyr/subsys/net/l2/ethernet/gptp/libsubsys__net__l2__ethernet__gptp.a(gptp.c.obj)
                0x00000000080089f8                gptp_update_announce_interval
 .text.gptp_get_domain
                0x0000000008008a98        0x8 zephyr/subsys/net/l2/ethernet/gptp/libsubsys__net__l2__ethernet__gptp.a(gptp.c.obj)
                0x0000000008008a98                gptp_get_domain
 .text.gptp_get_port_data
                0x0000000008008aa0       0x8c zephyr/subsys/net/l2/ethernet/gptp/libsubsys__net__l2__ethernet__gptp.a(gptp.c.obj)
                0x0000000008008aa0                gptp_get_port_data
 .text.net_gptp_init
                0x0000000008008b2c       0x14 zephyr/subsys/net/l2/ethernet/gptp/libsubsys__net__l2__ethernet__gptp.a(gptp.c.obj)
                0x0000000008008b2c                net_gptp_init
 .text.gptp_register_phase_dis_cb
                0x0000000008008b40       0x60 zephyr/subsys/net/l2/ethernet/gptp/libsubsys__net__l2__ethernet__gptp.a(gptp_user_api.c.obj)
                0x0000000008008b40                gptp_register_phase_dis_cb
 .text.gptp_call_phase_dis_cb
                0x0000000008008ba0       0x3c zephyr/subsys/net/l2/ethernet/gptp/libsubsys__net__l2__ethernet__gptp.a(gptp_user_api.c.obj)
                0x0000000008008ba0                gptp_call_phase_dis_cb
 .text.gptp_md_pdelay_reset
                0x0000000008008bdc       0x60 zephyr/subsys/net/l2/ethernet/gptp/libsubsys__net__l2__ethernet__gptp.a(gptp_md.c.obj)
 .text.gptp_md_pdelay_req_timeout
                0x0000000008008c3c       0x4c zephyr/subsys/net/l2/ethernet/gptp/libsubsys__net__l2__ethernet__gptp.a(gptp_md.c.obj)
 .text.gptp_md_start_pdelay_req
                0x0000000008008c88       0x50 zephyr/subsys/net/l2/ethernet/gptp/libsubsys__net__l2__ethernet__gptp.a(gptp_md.c.obj)
 .text.gptp_md_follow_up_receipt_timeout
                0x0000000008008cd8       0x50 zephyr/subsys/net/l2/ethernet/gptp/libsubsys__net__l2__ethernet__gptp.a(gptp_md.c.obj)
 .text.gptp_md_init_pdelay_resp_state_machine
                0x0000000008008d28       0x18 zephyr/subsys/net/l2/ethernet/gptp/libsubsys__net__l2__ethernet__gptp.a(gptp_md.c.obj)
 .text.gptp_md_init_sync_send_state_machine
                0x0000000008008d40       0x28 zephyr/subsys/net/l2/ethernet/gptp/libsubsys__net__l2__ethernet__gptp.a(gptp_md.c.obj)
 .text.gptp_md_pdelay_resp_state_machine
                0x0000000008008d68       0x60 zephyr/subsys/net/l2/ethernet/gptp/libsubsys__net__l2__ethernet__gptp.a(gptp_md.c.obj)
 .text.gptp_md_init_pdelay_req_state_machine
                0x0000000008008dc8       0x60 zephyr/subsys/net/l2/ethernet/gptp/libsubsys__net__l2__ethernet__gptp.a(gptp_md.c.obj)
 .text.gptp_md_init_sync_rcv_state_machine
                0x0000000008008e28       0x4c zephyr/subsys/net/l2/ethernet/gptp/libsubsys__net__l2__ethernet__gptp.a(gptp_md.c.obj)
 .text.gptp_md_pdelay_check_multiple_resp
                0x0000000008008e74       0xfc zephyr/subsys/net/l2/ethernet/gptp/libsubsys__net__l2__ethernet__gptp.a(gptp_md.c.obj)
 .text.gptp_md_compute_pdelay_rate_ratio
                0x0000000008008f70      0x21c zephyr/subsys/net/l2/ethernet/gptp/libsubsys__net__l2__ethernet__gptp.a(gptp_md.c.obj)
 .text.gptp_md_pdelay_compute
                0x000000000800918c      0x190 zephyr/subsys/net/l2/ethernet/gptp/libsubsys__net__l2__ethernet__gptp.a(gptp_md.c.obj)
 .text.gptp_md_pdelay_req_state_machine
                0x000000000800931c      0x310 zephyr/subsys/net/l2/ethernet/gptp/libsubsys__net__l2__ethernet__gptp.a(gptp_md.c.obj)
 .text.gptp_set_md_sync_receive
                0x000000000800962c      0x274 zephyr/subsys/net/l2/ethernet/gptp/libsubsys__net__l2__ethernet__gptp.a(gptp_md.c.obj)
 .text.gptp_md_sync_receive_state_machine
                0x00000000080098a0      0x264 zephyr/subsys/net/l2/ethernet/gptp/libsubsys__net__l2__ethernet__gptp.a(gptp_md.c.obj)
 .text.gptp_md_follow_up_prepare
                0x0000000008009b04      0x1b8 zephyr/subsys/net/l2/ethernet/gptp/libsubsys__net__l2__ethernet__gptp.a(gptp_md.c.obj)
 .text.gptp_md_sync_send_state_machine
                0x0000000008009cbc      0x134 zephyr/subsys/net/l2/ethernet/gptp/libsubsys__net__l2__ethernet__gptp.a(gptp_md.c.obj)
 .text.gptp_md_init_state_machine
                0x0000000008009df0       0x30 zephyr/subsys/net/l2/ethernet/gptp/libsubsys__net__l2__ethernet__gptp.a(gptp_md.c.obj)
                0x0000000008009df0                gptp_md_init_state_machine
 .text.setup_gptp_frame
                0x0000000008009e20       0x5c zephyr/subsys/net/l2/ethernet/gptp/libsubsys__net__l2__ethernet__gptp.a(gptp_messages.c.obj)
 .text.gptp_sync_timestamp_callback
                0x0000000008009e7c       0x54 zephyr/subsys/net/l2/ethernet/gptp/libsubsys__net__l2__ethernet__gptp.a(gptp_messages.c.obj)
 .text.gptp_prepare_sync
                0x0000000008009ed0       0xa8 zephyr/subsys/net/l2/ethernet/gptp/libsubsys__net__l2__ethernet__gptp.a(gptp_messages.c.obj)
                0x0000000008009ed0                gptp_prepare_sync
 .text.gptp_prepare_follow_up
                0x0000000008009f78       0xa8 zephyr/subsys/net/l2/ethernet/gptp/libsubsys__net__l2__ethernet__gptp.a(gptp_messages.c.obj)
                0x0000000008009f78                gptp_prepare_follow_up
 .text.gptp_prepare_pdelay_req
                0x000000000800a020       0xdc zephyr/subsys/net/l2/ethernet/gptp/libsubsys__net__l2__ethernet__gptp.a(gptp_messages.c.obj)
                0x000000000800a020                gptp_prepare_pdelay_req
 .text.gptp_prepare_pdelay_resp
                0x000000000800a0fc       0xec zephyr/subsys/net/l2/ethernet/gptp/libsubsys__net__l2__ethernet__gptp.a(gptp_messages.c.obj)
                0x000000000800a0fc                gptp_prepare_pdelay_resp
 .text.gptp_prepare_pdelay_follow_up
                0x000000000800a1e8       0xf0 zephyr/subsys/net/l2/ethernet/gptp/libsubsys__net__l2__ethernet__gptp.a(gptp_messages.c.obj)
                0x000000000800a1e8                gptp_prepare_pdelay_follow_up
 .text.gptp_prepare_announce
                0x000000000800a2d8      0x1e4 zephyr/subsys/net/l2/ethernet/gptp/libsubsys__net__l2__ethernet__gptp.a(gptp_messages.c.obj)
                0x000000000800a2d8                gptp_prepare_announce
 .text.gptp_handle_follow_up
                0x000000000800a4bc       0x38 zephyr/subsys/net/l2/ethernet/gptp/libsubsys__net__l2__ethernet__gptp.a(gptp_messages.c.obj)
                0x000000000800a4bc                gptp_handle_follow_up
 .text.gptp_handle_pdelay_resp
                0x000000000800a4f4       0x84 zephyr/subsys/net/l2/ethernet/gptp/libsubsys__net__l2__ethernet__gptp.a(gptp_messages.c.obj)
                0x000000000800a4f4                gptp_handle_pdelay_resp
 .text.gptp_handle_pdelay_follow_up
                0x000000000800a578       0xb4 zephyr/subsys/net/l2/ethernet/gptp/libsubsys__net__l2__ethernet__gptp.a(gptp_messages.c.obj)
                0x000000000800a578                gptp_handle_pdelay_follow_up
 .text.gptp_handle_signaling
                0x000000000800a62c       0x7c zephyr/subsys/net/l2/ethernet/gptp/libsubsys__net__l2__ethernet__gptp.a(gptp_messages.c.obj)
                0x000000000800a62c                gptp_handle_signaling
 .text.gptp_send_sync
                0x000000000800a6a8       0x38 zephyr/subsys/net/l2/ethernet/gptp/libsubsys__net__l2__ethernet__gptp.a(gptp_messages.c.obj)
                0x000000000800a6a8                gptp_send_sync
 .text.gptp_send_pdelay_req
                0x000000000800a6e0       0x44 zephyr/subsys/net/l2/ethernet/gptp/libsubsys__net__l2__ethernet__gptp.a(gptp_messages.c.obj)
                0x000000000800a6e0                gptp_send_pdelay_req
 .text.gptp_handle_pdelay_req
                0x000000000800a724       0x60 zephyr/subsys/net/l2/ethernet/gptp/libsubsys__net__l2__ethernet__gptp.a(gptp_messages.c.obj)
                0x000000000800a724                gptp_handle_pdelay_req
 .text.gptp_pdelay_response_timestamp_callback
                0x000000000800a784       0x58 zephyr/subsys/net/l2/ethernet/gptp/libsubsys__net__l2__ethernet__gptp.a(gptp_messages.c.obj)
 .text.gptp_mi_rcv_sync_receipt_timeout
                0x000000000800a7dc       0x50 zephyr/subsys/net/l2/ethernet/gptp/libsubsys__net__l2__ethernet__gptp.a(gptp_mi.c.obj)
 .text.gptp_mi_send_sync_receipt_timeout
                0x000000000800a82c       0x50 zephyr/subsys/net/l2/ethernet/gptp/libsubsys__net__l2__ethernet__gptp.a(gptp_mi.c.obj)
 .text.announce_timer_handler
                0x000000000800a87c       0x4c zephyr/subsys/net/l2/ethernet/gptp/libsubsys__net__l2__ethernet__gptp.a(gptp_mi.c.obj)
 .text.announce_periodic_timer_handler
                0x000000000800a8c8       0x4c zephyr/subsys/net/l2/ethernet/gptp/libsubsys__net__l2__ethernet__gptp.a(gptp_mi.c.obj)
 .text.gptp_mi_init_port_role_selection_sm
                0x000000000800a914       0x10 zephyr/subsys/net/l2/ethernet/gptp/libsubsys__net__l2__ethernet__gptp.a(gptp_mi.c.obj)
 .text.gptp_mi_site_ss_send_to_pss
                0x000000000800a924       0x30 zephyr/subsys/net/l2/ethernet/gptp/libsubsys__net__l2__ethernet__gptp.a(gptp_mi.c.obj)
 .text.gptp_clear_reselect_tree
                0x000000000800a954       0x10 zephyr/subsys/net/l2/ethernet/gptp/libsubsys__net__l2__ethernet__gptp.a(gptp_mi.c.obj)
 .text.gptp_set_selected_tree
                0x000000000800a964       0x10 zephyr/subsys/net/l2/ethernet/gptp/libsubsys__net__l2__ethernet__gptp.a(gptp_mi.c.obj)
 .text.gptp_mi_init_port_announce_rcv_sm
                0x000000000800a974       0x24 zephyr/subsys/net/l2/ethernet/gptp/libsubsys__net__l2__ethernet__gptp.a(gptp_mi.c.obj)
 .text.gptp_mi_init_port_sync_sync_rcv_sm
                0x000000000800a998       0x3c zephyr/subsys/net/l2/ethernet/gptp/libsubsys__net__l2__ethernet__gptp.a(gptp_mi.c.obj)
 .text.gptp_mi_init_port_sync_sync_send_sm
                0x000000000800a9d4       0x50 zephyr/subsys/net/l2/ethernet/gptp/libsubsys__net__l2__ethernet__gptp.a(gptp_mi.c.obj)
 .text.gptp_mi_init_port_announce_transmit_sm
                0x000000000800aa24       0x34 zephyr/subsys/net/l2/ethernet/gptp/libsubsys__net__l2__ethernet__gptp.a(gptp_mi.c.obj)
 .text.gptp_mi_half_sync_itv_timeout
                0x000000000800aa58       0x68 zephyr/subsys/net/l2/ethernet/gptp/libsubsys__net__l2__ethernet__gptp.a(gptp_mi.c.obj)
 .text.gptp_mi_init_bmca_data
                0x000000000800aac0       0x58 zephyr/subsys/net/l2/ethernet/gptp/libsubsys__net__l2__ethernet__gptp.a(gptp_mi.c.obj)
 .text.gptp_mi_pss_store_last_pss
                0x000000000800ab18       0x98 zephyr/subsys/net/l2/ethernet/gptp/libsubsys__net__l2__ethernet__gptp.a(gptp_mi.c.obj)
 .text.gptp_mi_pss_send_md_sync_send
                0x000000000800abb0       0x34 zephyr/subsys/net/l2/ethernet/gptp/libsubsys__net__l2__ethernet__gptp.a(gptp_mi.c.obj)
 .text.copy_path_trace
                0x000000000800abe4       0x4c zephyr/subsys/net/l2/ethernet/gptp/libsubsys__net__l2__ethernet__gptp.a(gptp_mi.c.obj)
 .text.start_rcv_sync_timer
                0x000000000800ac30       0x54 zephyr/subsys/net/l2/ethernet/gptp/libsubsys__net__l2__ethernet__gptp.a(gptp_mi.c.obj)
 .text.gptp_mi_pss_send_state_machine
                0x000000000800ac84      0x2e0 zephyr/subsys/net/l2/ethernet/gptp/libsubsys__net__l2__ethernet__gptp.a(gptp_mi.c.obj)
 .text.record_other_announce_info
                0x000000000800af64       0x40 zephyr/subsys/net/l2/ethernet/gptp/libsubsys__net__l2__ethernet__gptp.a(gptp_mi.c.obj)
 .text.gptp_mi_qualify_announce
                0x000000000800afa4       0x8c zephyr/subsys/net/l2/ethernet/gptp/libsubsys__net__l2__ethernet__gptp.a(gptp_mi.c.obj)
 .text.gptp_mi_port_announce_receive_state_machine
                0x000000000800b030      0x100 zephyr/subsys/net/l2/ethernet/gptp/libsubsys__net__l2__ethernet__gptp.a(gptp_mi.c.obj)
 .text.rcv_info
                0x000000000800b130       0x38 zephyr/subsys/net/l2/ethernet/gptp/libsubsys__net__l2__ethernet__gptp.a(gptp_mi.c.obj)
 .text.gptp_mi_port_announce_transmit_state_machine
                0x000000000800b168      0x1a0 zephyr/subsys/net/l2/ethernet/gptp/libsubsys__net__l2__ethernet__gptp.a(gptp_mi.c.obj)
 .text.gptp_mi_clk_slave_sync_state_machine
                0x000000000800b308       0x44 zephyr/subsys/net/l2/ethernet/gptp/libsubsys__net__l2__ethernet__gptp.a(gptp_mi.c.obj)
 .text.gptp_mi_init_site_sync_sync_sm
                0x000000000800b34c       0x1c zephyr/subsys/net/l2/ethernet/gptp/libsubsys__net__l2__ethernet__gptp.a(gptp_mi.c.obj)
 .text.gptp_mi_init_clock_slave_sync_sm
                0x000000000800b368       0x10 zephyr/subsys/net/l2/ethernet/gptp/libsubsys__net__l2__ethernet__gptp.a(gptp_mi.c.obj)
 .text.gptp_mi_init_clock_master_sync_rcv_sm
                0x000000000800b378       0x1c zephyr/subsys/net/l2/ethernet/gptp/libsubsys__net__l2__ethernet__gptp.a(gptp_mi.c.obj)
 .text.gptp_mi_clk_master_sync_offset_state_machine
                0x000000000800b394       0x88 zephyr/subsys/net/l2/ethernet/gptp/libsubsys__net__l2__ethernet__gptp.a(gptp_mi.c.obj)
 .text.compute_best_vector
                0x000000000800b41c      0x1d8 zephyr/subsys/net/l2/ethernet/gptp/libsubsys__net__l2__ethernet__gptp.a(gptp_mi.c.obj)
 .text.gptp_mi_site_ss_prepare_pss_send
                0x000000000800b5f4       0x18 zephyr/subsys/net/l2/ethernet/gptp/libsubsys__net__l2__ethernet__gptp.a(gptp_mi.c.obj)
 .text.gptp_mi_site_sync_sync_state_machine
                0x000000000800b60c       0x6c zephyr/subsys/net/l2/ethernet/gptp/libsubsys__net__l2__ethernet__gptp.a(gptp_mi.c.obj)
 .text.gptp_change_port_state
                0x000000000800b678       0x1c zephyr/subsys/net/l2/ethernet/gptp/libsubsys__net__l2__ethernet__gptp.a(gptp_mi.c.obj)
                0x000000000800b678                gptp_change_port_state
 .text.gptp_updt_role_disabled_tree
                0x000000000800b694       0x50 zephyr/subsys/net/l2/ethernet/gptp/libsubsys__net__l2__ethernet__gptp.a(gptp_mi.c.obj)
 .text.update_bmca
                0x000000000800b6e4      0x1d8 zephyr/subsys/net/l2/ethernet/gptp/libsubsys__net__l2__ethernet__gptp.a(gptp_mi.c.obj)
 .text.gptp_updt_roles_tree
                0x000000000800b8bc      0x13c zephyr/subsys/net/l2/ethernet/gptp/libsubsys__net__l2__ethernet__gptp.a(gptp_mi.c.obj)
 .text.gptp_mi_port_role_selection_state_machine
                0x000000000800b9f8       0x40 zephyr/subsys/net/l2/ethernet/gptp/libsubsys__net__l2__ethernet__gptp.a(gptp_mi.c.obj)
 .text.gptp_mi_init_port_announce_info_sm
                0x000000000800ba38       0x3c zephyr/subsys/net/l2/ethernet/gptp/libsubsys__net__l2__ethernet__gptp.a(gptp_mi.c.obj)
 .text.gptp_mi_port_announce_information_state_machine
                0x000000000800ba74      0x414 zephyr/subsys/net/l2/ethernet/gptp/libsubsys__net__l2__ethernet__gptp.a(gptp_mi.c.obj)
 .text.gptp_get_current_time_nanosecond
                0x000000000800be88       0x98 zephyr/subsys/net/l2/ethernet/gptp/libsubsys__net__l2__ethernet__gptp.a(gptp_mi.c.obj)
                0x000000000800be88                gptp_get_current_time_nanosecond
 .text.gptp_mi_pss_rcv_state_machine
                0x000000000800bf20       0xf8 zephyr/subsys/net/l2/ethernet/gptp/libsubsys__net__l2__ethernet__gptp.a(gptp_mi.c.obj)
 .text.gptp_get_current_master_time_nanosecond
                0x000000000800c018       0x30 zephyr/subsys/net/l2/ethernet/gptp/libsubsys__net__l2__ethernet__gptp.a(gptp_mi.c.obj)
                0x000000000800c018                gptp_get_current_master_time_nanosecond
 .text.gptp_mi_clk_master_sync_rcv_state_machine
                0x000000000800c048       0x9c zephyr/subsys/net/l2/ethernet/gptp/libsubsys__net__l2__ethernet__gptp.a(gptp_mi.c.obj)
 .text.lldp_check_iface
                0x000000000800c0e4       0x40 zephyr/subsys/net/l2/ethernet/lldp/libsubsys__net__l2__ethernet__lldp.a(lldp.c.obj)
 .text.lldp_submit_work
                0x000000000800c124       0x28 zephyr/subsys/net/l2/ethernet/lldp/libsubsys__net__l2__ethernet__lldp.a(lldp.c.obj)
 .text.lldp_start_timer
                0x000000000800c14c       0x64 zephyr/subsys/net/l2/ethernet/lldp/libsubsys__net__l2__ethernet__lldp.a(lldp.c.obj)
 .text.lldp_start
                0x000000000800c1b0       0xc0 zephyr/subsys/net/l2/ethernet/lldp/libsubsys__net__l2__ethernet__lldp.a(lldp.c.obj)
 .text.iface_cb
                0x000000000800c270       0x28 zephyr/subsys/net/l2/ethernet/lldp/libsubsys__net__l2__ethernet__lldp.a(lldp.c.obj)
 .text.lldp_send
                0x000000000800c298       0xe8 zephyr/subsys/net/l2/ethernet/lldp/libsubsys__net__l2__ethernet__lldp.a(lldp.c.obj)
 .text.lldp_tx_timeout
                0x000000000800c380       0x74 zephyr/subsys/net/l2/ethernet/lldp/libsubsys__net__l2__ethernet__lldp.a(lldp.c.obj)
 .text.net_lldp_init
                0x000000000800c3f4       0x3c zephyr/subsys/net/l2/ethernet/lldp/libsubsys__net__l2__ethernet__lldp.a(lldp.c.obj)
                0x000000000800c3f4                net_lldp_init
 .text.processing_data
                0x000000000800c430       0xa8 zephyr/subsys/net/ip/libsubsys__net__ip.a(net_core.c.obj)
 .text.net_rx   0x000000000800c4d8       0x30 zephyr/subsys/net/ip/libsubsys__net__ip.a(net_core.c.obj)
 .text.net_queue_rx
                0x000000000800c508       0x6c zephyr/subsys/net/ip/libsubsys__net__ip.a(net_core.c.obj)
 .text.net_send_data
                0x000000000800c574      0x264 zephyr/subsys/net/ip/libsubsys__net__ip.a(net_core.c.obj)
                0x000000000800c574                net_send_data
 .text.net_if_ipv6_get_best_match
                0x000000000800c7d8       0x9c zephyr/subsys/net/ip/libsubsys__net__ip.a(net_if.c.obj)
 .text.net_if_ipv4_get_best_match
                0x000000000800c874       0x9c zephyr/subsys/net/ip/libsubsys__net__ip.a(net_if.c.obj)
 .text.need_calc_checksum
                0x000000000800c910       0x3c zephyr/subsys/net/ip/libsubsys__net__ip.a(net_if.c.obj)
 .text.iface_ipv4_init
                0x000000000800c94c       0xf8 zephyr/subsys/net/ip/libsubsys__net__ip.a(net_if.c.obj)
 .text.iface_router_find_default
                0x000000000800ca44       0x84 zephyr/subsys/net/ip/libsubsys__net__ip.a(net_if.c.obj)
 .text.if_ipv4_get_addr
                0x000000000800cac8       0xa8 zephyr/subsys/net/ip/libsubsys__net__ip.a(net_if.c.obj)
 .text.iface_router_lookup
                0x000000000800cb70       0xa8 zephyr/subsys/net/ip/libsubsys__net__ip.a(net_if.c.obj)
 .text.net_if_ipv6_start_dad
                0x000000000800cc18       0x84 zephyr/subsys/net/ip/libsubsys__net__ip.a(net_if.c.obj)
 .text.iface_router_notify_deletion
                0x000000000800cc9c       0x38 zephyr/subsys/net/ip/libsubsys__net__ip.a(net_if.c.obj)
 .text.address_start_timer
                0x000000000800ccd4       0x50 zephyr/subsys/net/ip/libsubsys__net__ip.a(net_if.c.obj)
 .text.prefix_start_timer
                0x000000000800cd24       0x9c zephyr/subsys/net/ip/libsubsys__net__ip.a(net_if.c.obj)
 .text.prefix_timer_remove
                0x000000000800cdc0       0x6c zephyr/subsys/net/ip/libsubsys__net__ip.a(net_if.c.obj)
 .text.address_expired
                0x000000000800ce2c       0x58 zephyr/subsys/net/ip/libsubsys__net__ip.a(net_if.c.obj)
 .text.join_mcast_allnodes
                0x000000000800ce84       0x6c zephyr/subsys/net/ip/libsubsys__net__ip.a(net_if.c.obj)
 .text.join_mcast_solicit_node
                0x000000000800cef0       0x78 zephyr/subsys/net/ip/libsubsys__net__ip.a(net_if.c.obj)
 .text.iface_router_update_timer
                0x000000000800cf68       0x90 zephyr/subsys/net/ip/libsubsys__net__ip.a(net_if.c.obj)
 .text.iface_router_add
                0x000000000800cff8      0x16c zephyr/subsys/net/ip/libsubsys__net__ip.a(net_if.c.obj)
 .text.iface_router_rm
                0x000000000800d164       0x9c zephyr/subsys/net/ip/libsubsys__net__ip.a(net_if.c.obj)
 .text.iface_router_expired
                0x000000000800d200       0xbc zephyr/subsys/net/ip/libsubsys__net__ip.a(net_if.c.obj)
 .text.iface_router_init
                0x000000000800d2bc       0x20 zephyr/subsys/net/ip/libsubsys__net__ip.a(net_if.c.obj)
 .text.address_lifetime_timeout
                0x000000000800d2dc       0xb0 zephyr/subsys/net/ip/libsubsys__net__ip.a(net_if.c.obj)
 .text.z_impl_net_if_get_by_index
                0x000000000800d38c       0x28 zephyr/subsys/net/ip/libsubsys__net__ip.a(net_if.c.obj)
                0x000000000800d38c                z_impl_net_if_get_by_index
 .text.net_if_queue_tx
                0x000000000800d3b4       0x68 zephyr/subsys/net/ip/libsubsys__net__ip.a(net_if.c.obj)
                0x000000000800d3b4                net_if_queue_tx
 .text.net_if_set_link_addr_locked
                0x000000000800d41c       0x50 zephyr/subsys/net/ip/libsubsys__net__ip.a(net_if.c.obj)
                0x000000000800d41c                net_if_set_link_addr_locked
 .text.net_if_lookup_by_dev
                0x000000000800d46c       0x24 zephyr/subsys/net/ip/libsubsys__net__ip.a(net_if.c.obj)
                0x000000000800d46c                net_if_lookup_by_dev
 .text.net_if_get_default
                0x000000000800d490       0x18 zephyr/subsys/net/ip/libsubsys__net__ip.a(net_if.c.obj)
                0x000000000800d490                net_if_get_default
 .text.net_if_mcast_monitor
                0x000000000800d4a8       0x64 zephyr/subsys/net/ip/libsubsys__net__ip.a(net_if.c.obj)
                0x000000000800d4a8                net_if_mcast_monitor
 .text.net_if_config_ipv6_get
                0x000000000800d50c       0x88 zephyr/subsys/net/ip/libsubsys__net__ip.a(net_if.c.obj)
                0x000000000800d50c                net_if_config_ipv6_get
 .text.net_if_start_rs
                0x000000000800d594       0x80 zephyr/subsys/net/ip/libsubsys__net__ip.a(net_if.c.obj)
                0x000000000800d594                net_if_start_rs
 .text.rs_timeout
                0x000000000800d614      0x11c zephyr/subsys/net/ip/libsubsys__net__ip.a(net_if.c.obj)
 .text.net_if_stop_rs
                0x000000000800d730       0x70 zephyr/subsys/net/ip/libsubsys__net__ip.a(net_if.c.obj)
                0x000000000800d730                net_if_stop_rs
 .text.net_if_ipv6_addr_lookup
                0x000000000800d7a0       0xa8 zephyr/subsys/net/ip/libsubsys__net__ip.a(net_if.c.obj)
                0x000000000800d7a0                net_if_ipv6_addr_lookup
 .text.dad_timeout
                0x000000000800d848       0xf4 zephyr/subsys/net/ip/libsubsys__net__ip.a(net_if.c.obj)
 .text.net_if_ipv6_addr_lookup_by_iface
                0x000000000800d93c       0x7c zephyr/subsys/net/ip/libsubsys__net__ip.a(net_if.c.obj)
                0x000000000800d93c                net_if_ipv6_addr_lookup_by_iface
 .text.net_if_ipv6_addr_update_lifetime
                0x000000000800d9b8       0x30 zephyr/subsys/net/ip/libsubsys__net__ip.a(net_if.c.obj)
                0x000000000800d9b8                net_if_ipv6_addr_update_lifetime
 .text.net_if_ipv6_addr_add
                0x000000000800d9e8      0x174 zephyr/subsys/net/ip/libsubsys__net__ip.a(net_if.c.obj)
                0x000000000800d9e8                net_if_ipv6_addr_add
 .text.net_if_start_dad
                0x000000000800db5c      0x1ec zephyr/subsys/net/ip/libsubsys__net__ip.a(net_if.c.obj)
                0x000000000800db5c                net_if_start_dad
 .text.net_if_ipv6_maddr_rm
                0x000000000800dd48       0x90 zephyr/subsys/net/ip/libsubsys__net__ip.a(net_if.c.obj)
                0x000000000800dd48                net_if_ipv6_maddr_rm
 .text.net_if_ipv6_addr_rm
                0x000000000800ddd8      0x16c zephyr/subsys/net/ip/libsubsys__net__ip.a(net_if.c.obj)
                0x000000000800ddd8                net_if_ipv6_addr_rm
 .text.net_if_ipv6_dad_failed
                0x000000000800df44       0xb4 zephyr/subsys/net/ip/libsubsys__net__ip.a(net_if.c.obj)
                0x000000000800df44                net_if_ipv6_dad_failed
 .text.prefix_lifetime_expired
                0x000000000800dff8       0x44 zephyr/subsys/net/ip/libsubsys__net__ip.a(net_if.c.obj)
 .text.prefix_lifetime_timeout
                0x000000000800e03c       0x98 zephyr/subsys/net/ip/libsubsys__net__ip.a(net_if.c.obj)
 .text.net_if_ipv6_maddr_lookup
                0x000000000800e0d4       0xb0 zephyr/subsys/net/ip/libsubsys__net__ip.a(net_if.c.obj)
                0x000000000800e0d4                net_if_ipv6_maddr_lookup
 .text.net_if_ipv6_maddr_add
                0x000000000800e184       0xec zephyr/subsys/net/ip/libsubsys__net__ip.a(net_if.c.obj)
                0x000000000800e184                net_if_ipv6_maddr_add
 .text.net_if_ipv6_maddr_join
                0x000000000800e270       0x28 zephyr/subsys/net/ip/libsubsys__net__ip.a(net_if.c.obj)
                0x000000000800e270                net_if_ipv6_maddr_join
 .text.net_if_ipv6_prefix_add
                0x000000000800e298       0xb8 zephyr/subsys/net/ip/libsubsys__net__ip.a(net_if.c.obj)
                0x000000000800e298                net_if_ipv6_prefix_add
 .text.net_if_ipv6_prefix_lookup
                0x000000000800e350       0xc4 zephyr/subsys/net/ip/libsubsys__net__ip.a(net_if.c.obj)
                0x000000000800e350                net_if_ipv6_prefix_lookup
 .text.net_if_ipv6_addr_onlink
                0x000000000800e414      0x100 zephyr/subsys/net/ip/libsubsys__net__ip.a(net_if.c.obj)
                0x000000000800e414                net_if_ipv6_addr_onlink
 .text.net_if_ipv6_prefix_rm
                0x000000000800e514       0xc4 zephyr/subsys/net/ip/libsubsys__net__ip.a(net_if.c.obj)
                0x000000000800e514                net_if_ipv6_prefix_rm
 .text.net_if_ipv6_get_hop_limit
                0x000000000800e5d8       0x30 zephyr/subsys/net/ip/libsubsys__net__ip.a(net_if.c.obj)
                0x000000000800e5d8                net_if_ipv6_get_hop_limit
 .text.net_ipv6_set_hop_limit
                0x000000000800e608       0x2c zephyr/subsys/net/ip/libsubsys__net__ip.a(net_if.c.obj)
                0x000000000800e608                net_ipv6_set_hop_limit
 .text.net_if_ipv6_get_ll
                0x000000000800e634       0x80 zephyr/subsys/net/ip/libsubsys__net__ip.a(net_if.c.obj)
                0x000000000800e634                net_if_ipv6_get_ll
 .text.net_if_ipv6_select_src_addr
                0x000000000800e6b4       0xc8 zephyr/subsys/net/ip/libsubsys__net__ip.a(net_if.c.obj)
                0x000000000800e6b4                net_if_ipv6_select_src_addr
 .text.net_if_ipv6_calc_reachable_time
                0x000000000800e77c       0x3c zephyr/subsys/net/ip/libsubsys__net__ip.a(net_if.c.obj)
                0x000000000800e77c                net_if_ipv6_calc_reachable_time
 .text.iface_ipv6_init
                0x000000000800e7b8      0x164 zephyr/subsys/net/ip/libsubsys__net__ip.a(net_if.c.obj)
 .text.net_if_config_ipv4_get
                0x000000000800e91c       0x80 zephyr/subsys/net/ip/libsubsys__net__ip.a(net_if.c.obj)
                0x000000000800e91c                net_if_config_ipv4_get
 .text.net_if_ipv4_get_ttl
                0x000000000800e99c       0x30 zephyr/subsys/net/ip/libsubsys__net__ip.a(net_if.c.obj)
                0x000000000800e99c                net_if_ipv4_get_ttl
 .text.net_if_ipv4_addr_mask_cmp
                0x000000000800e9cc       0x74 zephyr/subsys/net/ip/libsubsys__net__ip.a(net_if.c.obj)
                0x000000000800e9cc                net_if_ipv4_addr_mask_cmp
 .text.net_if_ipv4_is_addr_bcast
                0x000000000800ea40       0x58 zephyr/subsys/net/ip/libsubsys__net__ip.a(net_if.c.obj)
                0x000000000800ea40                net_if_ipv4_is_addr_bcast
 .text.net_if_ipv4_select_src_addr
                0x000000000800ea98       0xd8 zephyr/subsys/net/ip/libsubsys__net__ip.a(net_if.c.obj)
                0x000000000800ea98                net_if_ipv4_select_src_addr
 .text.net_if_ipv4_addr_lookup
                0x000000000800eb70       0x80 zephyr/subsys/net/ip/libsubsys__net__ip.a(net_if.c.obj)
                0x000000000800eb70                net_if_ipv4_addr_lookup
 .text.net_if_ipv4_set_netmask
                0x000000000800ebf0       0x38 zephyr/subsys/net/ip/libsubsys__net__ip.a(net_if.c.obj)
                0x000000000800ebf0                net_if_ipv4_set_netmask
 .text.net_if_ipv4_addr_add
                0x000000000800ec28       0xd8 zephyr/subsys/net/ip/libsubsys__net__ip.a(net_if.c.obj)
                0x000000000800ec28                net_if_ipv4_addr_add
 .text.net_if_call_link_cb
                0x000000000800ed00       0x5c zephyr/subsys/net/ip/libsubsys__net__ip.a(net_if.c.obj)
                0x000000000800ed00                net_if_call_link_cb
 .text.net_if_tx
                0x000000000800ed5c      0x17c zephyr/subsys/net/ip/libsubsys__net__ip.a(net_if.c.obj)
 .text.net_if_send_data
                0x000000000800eed8      0x168 zephyr/subsys/net/ip/libsubsys__net__ip.a(net_if.c.obj)
                0x000000000800eed8                net_if_send_data
 .text.net_if_get_by_iface
                0x000000000800f040       0x34 zephyr/subsys/net/ip/libsubsys__net__ip.a(net_if.c.obj)
                0x000000000800f040                net_if_get_by_iface
 .text.net_if_foreach
                0x000000000800f074       0x24 zephyr/subsys/net/ip/libsubsys__net__ip.a(net_if.c.obj)
                0x000000000800f074                net_if_foreach
 .text.net_if_up
                0x000000000800f098       0xa4 zephyr/subsys/net/ip/libsubsys__net__ip.a(net_if.c.obj)
                0x000000000800f098                net_if_up
 .text.net_if_carrier_down
                0x000000000800f13c       0x4c zephyr/subsys/net/ip/libsubsys__net__ip.a(net_if.c.obj)
                0x000000000800f13c                net_if_carrier_down
 .text.net_if_register_timestamp_cb
                0x000000000800f188       0x88 zephyr/subsys/net/ip/libsubsys__net__ip.a(net_if.c.obj)
                0x000000000800f188                net_if_register_timestamp_cb
 .text.net_if_unregister_timestamp_cb
                0x000000000800f210       0x60 zephyr/subsys/net/ip/libsubsys__net__ip.a(net_if.c.obj)
                0x000000000800f210                net_if_unregister_timestamp_cb
 .text.net_if_call_timestamp_cb
                0x000000000800f270       0x5c zephyr/subsys/net/ip/libsubsys__net__ip.a(net_if.c.obj)
                0x000000000800f270                net_if_call_timestamp_cb
 .text.net_tx_ts_thread
                0x000000000800f2cc       0x20 zephyr/subsys/net/ip/libsubsys__net__ip.a(net_if.c.obj)
 .text.net_if_add_tx_timestamp
                0x000000000800f2ec       0x10 zephyr/subsys/net/ip/libsubsys__net__ip.a(net_if.c.obj)
                0x000000000800f2ec                net_if_add_tx_timestamp
 .text.net_if_init
                0x000000000800f2fc      0x180 zephyr/subsys/net/ip/libsubsys__net__ip.a(net_if.c.obj)
                0x000000000800f2fc                net_if_init
 .text.net_if_post_init
                0x000000000800f47c       0x3c zephyr/subsys/net/ip/libsubsys__net__ip.a(net_if.c.obj)
                0x000000000800f47c                net_if_post_init
 .text.net_value_to_udec
                0x000000000800f4b8       0x50 zephyr/subsys/net/ip/libsubsys__net__ip.a(utils.c.obj)
 .text.net_sprint_ll_addr_buf
                0x000000000800f508       0x5c zephyr/subsys/net/ip/libsubsys__net__ip.a(utils.c.obj)
                0x000000000800f508                net_sprint_ll_addr_buf
 .text.net_sprint_addr
                0x000000000800f564       0x38 zephyr/subsys/net/ip/libsubsys__net__ip.a(utils.c.obj)
                0x000000000800f564                net_sprint_addr
 .text.net_ipv4_unspecified_address
                0x000000000800f59c        0x8 zephyr/subsys/net/ip/libsubsys__net__ip.a(utils.c.obj)
                0x000000000800f59c                net_ipv4_unspecified_address
 .text.net_ipv4_broadcast_address
                0x000000000800f5a4        0x8 zephyr/subsys/net/ip/libsubsys__net__ip.a(utils.c.obj)
                0x000000000800f5a4                net_ipv4_broadcast_address
 .text.net_ipv6_unspecified_address
                0x000000000800f5ac        0x8 zephyr/subsys/net/ip/libsubsys__net__ip.a(utils.c.obj)
                0x000000000800f5ac                net_ipv6_unspecified_address
 .text.mgmt_thread
                0x000000000800f5b4      0x164 zephyr/subsys/net/ip/libsubsys__net__ip.a(net_mgmt.c.obj)
 .text.net_mgmt_add_event_callback
                0x000000000800f718       0x44 zephyr/subsys/net/ip/libsubsys__net__ip.a(net_mgmt.c.obj)
                0x000000000800f718                net_mgmt_add_event_callback
 .text.net_mgmt_del_event_callback
                0x000000000800f75c       0x9c zephyr/subsys/net/ip/libsubsys__net__ip.a(net_mgmt.c.obj)
                0x000000000800f75c                net_mgmt_del_event_callback
 .text.net_mgmt_event_notify_with_info
                0x000000000800f7f8       0xc4 zephyr/subsys/net/ip/libsubsys__net__ip.a(net_mgmt.c.obj)
                0x000000000800f7f8                net_mgmt_event_notify_with_info
 .text.net_mgmt_event_init
                0x000000000800f8bc       0x6c zephyr/subsys/net/ip/libsubsys__net__ip.a(net_mgmt.c.obj)
                0x000000000800f8bc                net_mgmt_event_init
 .text.net_context_init
                0x000000000800f928       0x14 zephyr/subsys/net/ip/libsubsys__net__ip.a(net_context.c.obj)
                0x000000000800f928                net_context_init
 .text.pkt_buffer_length
                0x000000000800f93c       0x60 zephyr/subsys/net/ip/libsubsys__net__ip.a(net_pkt.c.obj)
 .text.net_pkt_get_reserve_rx_data
                0x000000000800f99c       0x14 zephyr/subsys/net/ip/libsubsys__net__ip.a(net_pkt.c.obj)
                0x000000000800f99c                net_pkt_get_reserve_rx_data
 .text.net_pkt_get_reserve_tx_data
                0x000000000800f9b0       0x14 zephyr/subsys/net/ip/libsubsys__net__ip.a(net_pkt.c.obj)
                0x000000000800f9b0                net_pkt_get_reserve_tx_data
 .text.net_pkt_get_frag
                0x000000000800f9c4       0x20 zephyr/subsys/net/ip/libsubsys__net__ip.a(net_pkt.c.obj)
                0x000000000800f9c4                net_pkt_get_frag
 .text.pkt_alloc
                0x000000000800f9e4       0x6c zephyr/subsys/net/ip/libsubsys__net__ip.a(net_pkt.c.obj)
 .text.net_pkt_alloc_buffer
                0x000000000800fa50      0x134 zephyr/subsys/net/ip/libsubsys__net__ip.a(net_pkt.c.obj)
                0x000000000800fa50                net_pkt_alloc_buffer
 .text.net_pkt_alloc_with_buffer
                0x000000000800fb84       0x24 zephyr/subsys/net/ip/libsubsys__net__ip.a(net_pkt.c.obj)
                0x000000000800fb84                net_pkt_alloc_with_buffer
 .text.net_pkt_rx_alloc_with_buffer
                0x000000000800fba8       0x24 zephyr/subsys/net/ip/libsubsys__net__ip.a(net_pkt.c.obj)
                0x000000000800fba8                net_pkt_rx_alloc_with_buffer
 .text.net_pkt_get_data
                0x000000000800fbcc       0x94 zephyr/subsys/net/ip/libsubsys__net__ip.a(net_pkt.c.obj)
                0x000000000800fbcc                net_pkt_get_data
 .text.tx_tc2thread
                0x000000000800fc60        0xc zephyr/subsys/net/ip/libsubsys__net__ip.a(net_tc.c.obj)
 .text.rx_tc2thread
                0x000000000800fc6c        0xc zephyr/subsys/net/ip/libsubsys__net__ip.a(net_tc.c.obj)
 .text.net_tc_submit_to_tx_queue
                0x000000000800fc78       0x18 zephyr/subsys/net/ip/libsubsys__net__ip.a(net_tc.c.obj)
                0x000000000800fc78                net_tc_submit_to_tx_queue
 .text.net_tc_submit_to_rx_queue
                0x000000000800fc90       0x18 zephyr/subsys/net/ip/libsubsys__net__ip.a(net_tc.c.obj)
                0x000000000800fc90                net_tc_submit_to_rx_queue
 .text.net_tx_priority2tc
                0x000000000800fca8       0x10 zephyr/subsys/net/ip/libsubsys__net__ip.a(net_tc.c.obj)
                0x000000000800fca8                net_tx_priority2tc
 .text.tc_tx_stats_priority_setup
                0x000000000800fcb8       0x2c zephyr/subsys/net/ip/libsubsys__net__ip.a(net_tc.c.obj)
 .text.net_rx_priority2tc
                0x000000000800fce4       0x10 zephyr/subsys/net/ip/libsubsys__net__ip.a(net_tc.c.obj)
                0x000000000800fce4                net_rx_priority2tc
 .text.tc_rx_stats_priority_setup
                0x000000000800fcf4       0x2c zephyr/subsys/net/ip/libsubsys__net__ip.a(net_tc.c.obj)
 .text.net_tc_tx_init
                0x000000000800fd20       0xfc zephyr/subsys/net/ip/libsubsys__net__ip.a(net_tc.c.obj)
                0x000000000800fd20                net_tc_tx_init
 .text.net_tc_rx_init
                0x000000000800fe1c       0xfc zephyr/subsys/net/ip/libsubsys__net__ip.a(net_tc.c.obj)
                0x000000000800fe1c                net_tc_rx_init
 .text.icmpv4_handle_header_options
                0x000000000800ff18       0x54 zephyr/subsys/net/ip/libsubsys__net__ip.a(icmpv4.c.obj)
 .text.icmpv4_handle_echo_request
                0x000000000800ff6c      0x134 zephyr/subsys/net/ip/libsubsys__net__ip.a(icmpv4.c.obj)
 .text.net_icmpv4_send_error
                0x00000000080100a0      0x150 zephyr/subsys/net/ip/libsubsys__net__ip.a(icmpv4.c.obj)
                0x00000000080100a0                net_icmpv4_send_error
 .text.net_icmpv4_register_handler
                0x00000000080101f0       0x18 zephyr/subsys/net/ip/libsubsys__net__ip.a(icmpv4.c.obj)
                0x00000000080101f0                net_icmpv4_register_handler
 .text.net_icmpv4_input
                0x0000000008010208       0xb8 zephyr/subsys/net/ip/libsubsys__net__ip.a(icmpv4.c.obj)
                0x0000000008010208                net_icmpv4_input
 .text.net_icmpv4_init
                0x00000000080102c0       0x10 zephyr/subsys/net/ip/libsubsys__net__ip.a(icmpv4.c.obj)
                0x00000000080102c0                net_icmpv4_init
 .text.net_ipv4_input
                0x00000000080102d0      0x268 zephyr/subsys/net/ip/libsubsys__net__ip.a(ipv4.c.obj)
                0x00000000080102d0                net_ipv4_input
 .text.igmp_send
                0x0000000008010538       0x5c zephyr/subsys/net/ip/libsubsys__net__ip.a(igmp.c.obj)
 .text.send_igmp_report
                0x0000000008010594       0xdc zephyr/subsys/net/ip/libsubsys__net__ip.a(igmp.c.obj)
 .text.net_ipv4_igmp_input
                0x0000000008010670       0x8c zephyr/subsys/net/ip/libsubsys__net__ip.a(igmp.c.obj)
                0x0000000008010670                net_ipv4_igmp_input
 .text.net_icmpv6_register_handler
                0x00000000080106fc       0x18 zephyr/subsys/net/ip/libsubsys__net__ip.a(icmpv6.c.obj)
                0x00000000080106fc                net_icmpv6_register_handler
 .text.icmpv6_handle_echo_request
                0x0000000008010714       0xd4 zephyr/subsys/net/ip/libsubsys__net__ip.a(icmpv6.c.obj)
 .text.net_icmpv6_send_error
                0x00000000080107e8      0x1f0 zephyr/subsys/net/ip/libsubsys__net__ip.a(icmpv6.c.obj)
                0x00000000080107e8                net_icmpv6_send_error
 .text.net_icmpv6_input
                0x00000000080109d8       0x90 zephyr/subsys/net/ip/libsubsys__net__ip.a(icmpv6.c.obj)
                0x00000000080109d8                net_icmpv6_input
 .text.net_icmpv6_init
                0x0000000008010a68       0x10 zephyr/subsys/net/ip/libsubsys__net__ip.a(icmpv6.c.obj)
                0x0000000008010a68                net_icmpv6_init
 .text.net_nbr_link
                0x0000000008010a78       0xc0 zephyr/subsys/net/ip/libsubsys__net__ip.a(nbr.c.obj)
                0x0000000008010a78                net_nbr_link
 .text.net_nbr_unlink
                0x0000000008010b38       0x44 zephyr/subsys/net/ip/libsubsys__net__ip.a(nbr.c.obj)
                0x0000000008010b38                net_nbr_unlink
 .text.net_nbr_get_lladdr
                0x0000000008010b7c       0x10 zephyr/subsys/net/ip/libsubsys__net__ip.a(nbr.c.obj)
                0x0000000008010b7c                net_nbr_get_lladdr
 .text.net_ipv6_input
                0x0000000008010b8c      0x588 zephyr/subsys/net/ip/libsubsys__net__ip.a(ipv6.c.obj)
                0x0000000008010b8c                net_ipv6_input
 .text.nbr_lookup
                0x0000000008011114       0x4c zephyr/subsys/net/ip/libsubsys__net__ip.a(ipv6_nbr.c.obj)
 .text.ipv6_nbr_set_state
                0x0000000008011160       0x90 zephyr/subsys/net/ip/libsubsys__net__ip.a(ipv6_nbr.c.obj)
 .text.nbr_new  0x00000000080111f0       0x30 zephyr/subsys/net/ip/libsubsys__net__ip.a(ipv6_nbr.c.obj)
 .text.dbg_update_neighbor_lladdr
                0x0000000008011220       0x2c zephyr/subsys/net/ip/libsubsys__net__ip.a(ipv6_nbr.c.obj)
 .text.ipv6_nd_restart_reachable_timer
                0x000000000801124c       0xa0 zephyr/subsys/net/ip/libsubsys__net__ip.a(ipv6_nbr.c.obj)
 .text.ipv6_ns_reply_timeout
                0x00000000080112ec       0xd0 zephyr/subsys/net/ip/libsubsys__net__ip.a(ipv6_nbr.c.obj)
 .text.net_ipv6_nbr_rm
                0x00000000080113bc       0x6c zephyr/subsys/net/ip/libsubsys__net__ip.a(ipv6_nbr.c.obj)
                0x00000000080113bc                net_ipv6_nbr_rm
 .text.ipv6_nd_remove_old_stale_nbr
                0x0000000008011428       0x8c zephyr/subsys/net/ip/libsubsys__net__ip.a(ipv6_nbr.c.obj)
 .text.add_nbr  0x00000000080114b4       0x40 zephyr/subsys/net/ip/libsubsys__net__ip.a(ipv6_nbr.c.obj)
 .text.net_ipv6_nbr_lookup
                0x00000000080114f4       0x14 zephyr/subsys/net/ip/libsubsys__net__ip.a(ipv6_nbr.c.obj)
                0x00000000080114f4                net_ipv6_nbr_lookup
 .text.net_ipv6_send_na
                0x0000000008011508      0x160 zephyr/subsys/net/ip/libsubsys__net__ip.a(ipv6_nbr.c.obj)
                0x0000000008011508                net_ipv6_send_na
 .text.handle_na_input
                0x0000000008011668      0x494 zephyr/subsys/net/ip/libsubsys__net__ip.a(ipv6_nbr.c.obj)
 .text.net_ipv6_send_ns
                0x0000000008011afc      0x298 zephyr/subsys/net/ip/libsubsys__net__ip.a(ipv6_nbr.c.obj)
                0x0000000008011afc                net_ipv6_send_ns
 .text.net_ipv6_nbr_add
                0x0000000008011d94       0xf8 zephyr/subsys/net/ip/libsubsys__net__ip.a(ipv6_nbr.c.obj)
                0x0000000008011d94                net_ipv6_nbr_add
 .text.handle_ra_input
                0x0000000008011e8c      0x7f4 zephyr/subsys/net/ip/libsubsys__net__ip.a(ipv6_nbr.c.obj)
 .text.handle_ns_input
                0x0000000008012680      0x408 zephyr/subsys/net/ip/libsubsys__net__ip.a(ipv6_nbr.c.obj)
 .text.net_ipv6_prepare_for_send
                0x0000000008012a88      0x144 zephyr/subsys/net/ip/libsubsys__net__ip.a(ipv6_nbr.c.obj)
                0x0000000008012a88                net_ipv6_prepare_for_send
 .text.ipv6_nd_reachable_timeout
                0x0000000008012bcc      0x138 zephyr/subsys/net/ip/libsubsys__net__ip.a(ipv6_nbr.c.obj)
 .text.net_ipv6_send_rs
                0x0000000008012d04      0x174 zephyr/subsys/net/ip/libsubsys__net__ip.a(ipv6_nbr.c.obj)
                0x0000000008012d04                net_ipv6_send_rs
 .text.net_ipv6_nbr_init
                0x0000000008012e78       0x54 zephyr/subsys/net/ip/libsubsys__net__ip.a(ipv6_nbr.c.obj)
                0x0000000008012e78                net_ipv6_nbr_init
 .text.mld_send
                0x0000000008012ecc       0x7c zephyr/subsys/net/ip/libsubsys__net__ip.a(ipv6_mld.c.obj)
 .text.handle_mld_query
                0x0000000008012f48       0xc8 zephyr/subsys/net/ip/libsubsys__net__ip.a(ipv6_mld.c.obj)
 .text.net_ipv6_mld_join
                0x0000000008013010       0x6c zephyr/subsys/net/ip/libsubsys__net__ip.a(ipv6_mld.c.obj)
                0x0000000008013010                net_ipv6_mld_join
 .text.net_ipv6_mld_init
                0x000000000801307c       0x10 zephyr/subsys/net/ip/libsubsys__net__ip.a(ipv6_mld.c.obj)
                0x000000000801307c                net_ipv6_mld_init
 .text.nbr_new  0x000000000801308c       0x44 zephyr/subsys/net/ip/libsubsys__net__ip.a(route.c.obj)
 .text.get_nexthop_route
                0x00000000080130d0       0x3c zephyr/subsys/net/ip/libsubsys__net__ip.a(route.c.obj)
 .text.net_route_get_nbr
                0x000000000801310c       0x50 zephyr/subsys/net/ip/libsubsys__net__ip.a(route.c.obj)
                0x000000000801310c                net_route_get_nbr
 .text.net_route_lookup
                0x000000000801315c      0x140 zephyr/subsys/net/ip/libsubsys__net__ip.a(route.c.obj)
                0x000000000801315c                net_route_lookup
 .text.net_route_update_lifetime
                0x000000000801329c      0x108 zephyr/subsys/net/ip/libsubsys__net__ip.a(route.c.obj)
                0x000000000801329c                net_route_update_lifetime
 .text.net_route_del
                0x00000000080133a4      0x118 zephyr/subsys/net/ip/libsubsys__net__ip.a(route.c.obj)
                0x00000000080133a4                net_route_del
 .text.route_expired
                0x00000000080134bc       0x4c zephyr/subsys/net/ip/libsubsys__net__ip.a(route.c.obj)
 .text.route_lifetime_timeout
                0x0000000008013508       0xa8 zephyr/subsys/net/ip/libsubsys__net__ip.a(route.c.obj)
 .text.net_route_del_by_nexthop
                0x00000000080135b0       0x7c zephyr/subsys/net/ip/libsubsys__net__ip.a(route.c.obj)
                0x00000000080135b0                net_route_del_by_nexthop
 .text.net_route_get_nexthop
                0x000000000801362c       0xa4 zephyr/subsys/net/ip/libsubsys__net__ip.a(route.c.obj)
                0x000000000801362c                net_route_get_nexthop
 .text.net_route_add
                0x00000000080136d0      0x22c zephyr/subsys/net/ip/libsubsys__net__ip.a(route.c.obj)
                0x00000000080136d0                net_route_add
 .text.net_route_get_info
                0x00000000080138fc       0x6c zephyr/subsys/net/ip/libsubsys__net__ip.a(route.c.obj)
                0x00000000080138fc                net_route_get_info
 .text.net_route_packet
                0x0000000008013968      0x110 zephyr/subsys/net/ip/libsubsys__net__ip.a(route.c.obj)
                0x0000000008013968                net_route_packet
 .text.net_route_init
                0x0000000008013a78       0x14 zephyr/subsys/net/ip/libsubsys__net__ip.a(route.c.obj)
                0x0000000008013a78                net_route_init
 .text.net_conn_input
                0x0000000008013a8c      0x348 zephyr/subsys/net/ip/libsubsys__net__ip.a(connection.c.obj)
                0x0000000008013a8c                net_conn_input
 .text.net_conn_init
                0x0000000008013dd4       0x4c zephyr/subsys/net/ip/libsubsys__net__ip.a(connection.c.obj)
                0x0000000008013dd4                net_conn_init
 .text.net_tcp_input
                0x0000000008013e20       0x48 zephyr/subsys/net/ip/libsubsys__net__ip.a(tcp.c.obj)
                0x0000000008013e20                net_tcp_input
 .text.net_tcp_init
                0x0000000008013e68       0x34 zephyr/subsys/net/ip/libsubsys__net__ip.a(tcp.c.obj)
                0x0000000008013e68                net_tcp_init
 .text.net_udp_input
                0x0000000008013e9c       0x7c zephyr/subsys/net/ip/libsubsys__net__ip.a(udp.c.obj)
                0x0000000008013e9c                net_udp_input
 .text.check_interface
                0x0000000008013f18      0x100 zephyr/subsys/net/lib/config/libsubsys__net__lib__config.a(init.c.obj)
 .text.iface_up_handler
                0x0000000008014018       0xd8 zephyr/subsys/net/lib/config/libsubsys__net__lib__config.a(init.c.obj)
 .text.setup_ipv4
                0x00000000080140f0       0xc8 zephyr/subsys/net/lib/config/libsubsys__net__lib__config.a(init.c.obj)
 .text.net_config_init_by_iface
                0x00000000080141b8      0x17c zephyr/subsys/net/lib/config/libsubsys__net__lib__config.a(init.c.obj)
                0x00000000080141b8                net_config_init_by_iface
 .text.net_config_init_app
                0x0000000008014334       0xe0 zephyr/subsys/net/lib/config/libsubsys__net__lib__config.a(init.c.obj)
                0x0000000008014334                net_config_init_app
 .text.init_app
                0x0000000008014414       0x14 zephyr/subsys/net/lib/config/libsubsys__net__lib__config.a(init.c.obj)
 .text.z_impl_sys_rand32_get
                0x0000000008014428       0x30 zephyr/subsys/random/libsubsys__random.a(rand32_timer.c.obj)
                0x0000000008014428                z_impl_sys_rand32_get
 .text.rtt_console_init
                0x0000000008014458       0x18 zephyr/drivers/console/libdrivers__console.a(rtt_console.c.obj)
 .text.rtt_console_out
                0x0000000008014470       0x64 zephyr/drivers/console/libdrivers__console.a(rtt_console.c.obj)
 .text.uart_xmc4xxx_init
                0x00000000080144d4       0x58 zephyr/drivers/serial/libdrivers__serial.a(uart_xmc4xxx.c.obj)
 .text.elapsed  0x000000000801452c       0x3c zephyr/drivers/timer/libdrivers__timer.a(cortex_m_systick.c.obj)
 .text.sys_clock_driver_init
                0x0000000008014568       0x38 zephyr/drivers/timer/libdrivers__timer.a(cortex_m_systick.c.obj)
 .text.sys_clock_isr
                0x00000000080145a0       0x48 zephyr/drivers/timer/libdrivers__timer.a(cortex_m_systick.c.obj)
                0x00000000080145a0                sys_clock_isr
 .text.sys_clock_set_timeout
                0x00000000080145e8      0x104 zephyr/drivers/timer/libdrivers__timer.a(cortex_m_systick.c.obj)
                0x00000000080145e8                sys_clock_set_timeout
 .text.sys_clock_elapsed
                0x00000000080146ec       0x40 zephyr/drivers/timer/libdrivers__timer.a(cortex_m_systick.c.obj)
                0x00000000080146ec                sys_clock_elapsed
 .text.sys_clock_cycle_get_32
                0x000000000801472c       0x2c zephyr/drivers/timer/libdrivers__timer.a(cortex_m_systick.c.obj)
                0x000000000801472c                sys_clock_cycle_get_32
 .text._DoInit  0x0000000008014758       0x60 modules/segger/libmodules__segger.a(SEGGER_RTT.c.obj)
 .text.SEGGER_RTT_WriteSkipNoLock
                0x00000000080147b8       0xc8 modules/segger/libmodules__segger.a(SEGGER_RTT.c.obj)
                0x00000000080147b8                SEGGER_RTT_WriteSkipNoLock
 .text.SEGGER_RTT_WriteNoLock
                0x0000000008014880       0x6c modules/segger/libmodules__segger.a(SEGGER_RTT.c.obj)
                0x0000000008014880                SEGGER_RTT_WriteNoLock
 .text.SEGGER_RTT_HasDataUp
                0x00000000080148ec       0x20 modules/segger/libmodules__segger.a(SEGGER_RTT.c.obj)
                0x00000000080148ec                SEGGER_RTT_HasDataUp
 .text.tmux1208_set_active_channel
                0x000000000801490c       0x68 modules/umops-drivers/mux/tmux1208/lib..__..__dmz__zephyr_xmc_template__drivers__zephyr__mux__tmux1208.a(tmux1208.c.obj)
 .text.tmux1208_initialize
                0x0000000008014974       0x70 modules/umops-drivers/mux/tmux1208/lib..__..__dmz__zephyr_xmc_template__drivers__zephyr__mux__tmux1208.a(tmux1208.c.obj)
 .text.ERU1_0_IRQHandler
                0x00000000080149e4      0x10c modules/umops-drivers/gpio/lib..__..__dmz__zephyr_xmc_template__drivers__zephyr__gpio.a(gpio_xmc.c.obj)
                0x00000000080149e4                ERU1_0_IRQHandler
 .text.gpio_xmc_manage_callback
                0x0000000008014af0       0x90 modules/umops-drivers/gpio/lib..__..__dmz__zephyr_xmc_template__drivers__zephyr__gpio.a(gpio_xmc.c.obj)
 .text.gpio_xmc_port_clear_bits_raw
                0x0000000008014b80       0x68 modules/umops-drivers/gpio/lib..__..__dmz__zephyr_xmc_template__drivers__zephyr__gpio.a(gpio_xmc.c.obj)
 .text.gpio_xmc_port_set_bits_raw
                0x0000000008014be8       0x64 modules/umops-drivers/gpio/lib..__..__dmz__zephyr_xmc_template__drivers__zephyr__gpio.a(gpio_xmc.c.obj)
 .text.gpio_xmc_port_set_masked_raw
                0x0000000008014c4c       0x30 modules/umops-drivers/gpio/lib..__..__dmz__zephyr_xmc_template__drivers__zephyr__gpio.a(gpio_xmc.c.obj)
 .text.gpio_xmc_port_get_raw
                0x0000000008014c7c       0x30 modules/umops-drivers/gpio/lib..__..__dmz__zephyr_xmc_template__drivers__zephyr__gpio.a(gpio_xmc.c.obj)
 .text.gpio_xmc_pin_interrupt_configure
                0x0000000008014cac      0x110 modules/umops-drivers/gpio/lib..__..__dmz__zephyr_xmc_template__drivers__zephyr__gpio.a(gpio_xmc.c.obj)
 .text.gpio_xmc_config
                0x0000000008014dbc       0x9c modules/umops-drivers/gpio/lib..__..__dmz__zephyr_xmc_template__drivers__zephyr__gpio.a(gpio_xmc.c.obj)
 .text.gpio_xmc_0_init
                0x0000000008014e58       0x40 modules/umops-drivers/gpio/lib..__..__dmz__zephyr_xmc_template__drivers__zephyr__gpio.a(gpio_xmc.c.obj)
 .text.xmc_clock_control_on
                0x0000000008014e98       0x10 modules/umops-drivers/clock_control/lib..__..__dmz__zephyr_xmc_template__drivers__zephyr__clock_control.a(clock_control_xmc.c.obj)
 .text.xmc_clock_control_off
                0x0000000008014ea8       0x10 modules/umops-drivers/clock_control/lib..__..__dmz__zephyr_xmc_template__drivers__zephyr__clock_control.a(clock_control_xmc.c.obj)
 .text.xmc_clock_control_get_rate
                0x0000000008014eb8       0x10 modules/umops-drivers/clock_control/lib..__..__dmz__zephyr_xmc_template__drivers__zephyr__clock_control.a(clock_control_xmc.c.obj)
 .text.xmc_clock_init
                0x0000000008014ec8       0x2c modules/umops-drivers/clock_control/lib..__..__dmz__zephyr_xmc_template__drivers__zephyr__clock_control.a(clock_control_xmc.c.obj)
 .text.eth_is_ptp_pkt
                0x0000000008014ef4       0x30 modules/umops-drivers/ethernet/lib..__..__dmz__zephyr_xmc_template__drivers__zephyr__ethernet.a(ethernet_xmc.c.obj)
 .text.xmc_eth_isr
                0x0000000008014f24       0x8c modules/umops-drivers/ethernet/lib..__..__dmz__zephyr_xmc_template__drivers__zephyr__ethernet.a(ethernet_xmc.c.obj)
 .text.xmc_eth_tx
                0x0000000008014fb0       0xfc modules/umops-drivers/ethernet/lib..__..__dmz__zephyr_xmc_template__drivers__zephyr__ethernet.a(ethernet_xmc.c.obj)
 .text.ptp_clock_xmc_adjust
                0x00000000080150ac       0x4c modules/umops-drivers/ethernet/lib..__..__dmz__zephyr_xmc_template__drivers__zephyr__ethernet.a(ethernet_xmc.c.obj)
 .text.xmc_eth_iface_init
                0x00000000080150f8       0xcc modules/umops-drivers/ethernet/lib..__..__dmz__zephyr_xmc_template__drivers__zephyr__ethernet.a(ethernet_xmc.c.obj)
 .text.low_level_init
                0x00000000080151c4      0x134 modules/umops-drivers/ethernet/lib..__..__dmz__zephyr_xmc_template__drivers__zephyr__ethernet.a(ethernet_xmc.c.obj)
 .text.xmc_eth_init
                0x00000000080152f8       0x80 modules/umops-drivers/ethernet/lib..__..__dmz__zephyr_xmc_template__drivers__zephyr__ethernet.a(ethernet_xmc.c.obj)
 .text.z_impl_z_errno
                0x0000000008015378        0xc zephyr/kernel/libkernel.a(errno.c.obj)
                0x0000000008015378                z_impl_z_errno
 .text.reason_to_str
                0x0000000008015384       0x40 zephyr/kernel/libkernel.a(fatal.c.obj)
 .text.thread_name_get
                0x00000000080153c4       0x20 zephyr/kernel/libkernel.a(fatal.c.obj)
 .text.k_sys_fatal_error_handler
                0x00000000080153e4       0x60 zephyr/kernel/libkernel.a(fatal.c.obj)
                0x00000000080153e4                k_sys_fatal_error_handler
 .text.z_fatal_error
                0x0000000008015444       0xd4 zephyr/kernel/libkernel.a(fatal.c.obj)
                0x0000000008015444                z_fatal_error
 .text.init_idle_thread
                0x0000000008015518       0x78 zephyr/kernel/libkernel.a(init.c.obj)
 .text.prepare_multithreading
                0x0000000008015590       0x94 zephyr/kernel/libkernel.a(init.c.obj)
 .text.bg_thread_main
                0x0000000008015624       0x38 zephyr/kernel/libkernel.a(init.c.obj)
 .text.switch_to_main_thread
                0x000000000801565c       0x14 zephyr/kernel/libkernel.a(init.c.obj)
 .text.z_bss_zero
                0x0000000008015670       0x18 zephyr/kernel/libkernel.a(init.c.obj)
                0x0000000008015670                z_bss_zero
 .text.z_cstart
                0x0000000008015688       0x88 zephyr/kernel/libkernel.a(init.c.obj)
                0x0000000008015688                z_cstart
 .text.statics_init
                0x0000000008015710       0x24 zephyr/kernel/libkernel.a(kheap.c.obj)
 .text.init_mem_slab_module
                0x0000000008015734       0x24 zephyr/kernel/libkernel.a(mem_slab.c.obj)
 .text.k_mem_slab_alloc
                0x0000000008015758       0x6c zephyr/kernel/libkernel.a(mem_slab.c.obj)
                0x0000000008015758                k_mem_slab_alloc
 .text.z_impl_k_thread_name_set
                0x00000000080157c4       0x24 zephyr/kernel/libkernel.a(thread.c.obj)
                0x00000000080157c4                z_impl_k_thread_name_set
 .text.schedule_new_thread
                0x00000000080157e8       0x24 zephyr/kernel/libkernel.a(thread.c.obj)
 .text.z_setup_new_thread
                0x000000000801580c       0x8c zephyr/kernel/libkernel.a(thread.c.obj)
                0x000000000801580c                z_setup_new_thread
 .text.z_init_static_threads
                0x0000000008015898       0x84 zephyr/kernel/libkernel.a(thread.c.obj)
                0x0000000008015898                z_init_static_threads
 .text.z_impl_k_mutex_lock
                0x000000000801591c      0x114 zephyr/kernel/libkernel.a(mutex.c.obj)
                0x000000000801591c                z_impl_k_mutex_lock
 .text.z_impl_k_mutex_unlock
                0x0000000008015a30       0x88 zephyr/kernel/libkernel.a(mutex.c.obj)
                0x0000000008015a30                z_impl_k_mutex_unlock
 .text.z_impl_k_queue_get
                0x0000000008015ab8       0x7c zephyr/kernel/libkernel.a(queue.c.obj)
                0x0000000008015ab8                z_impl_k_queue_get
 .text.z_impl_k_sem_give
                0x0000000008015b34       0x50 zephyr/kernel/libkernel.a(sem.c.obj)
                0x0000000008015b34                z_impl_k_sem_give
 .text.z_impl_k_sem_take
                0x0000000008015b84       0x54 zephyr/kernel/libkernel.a(sem.c.obj)
                0x0000000008015b84                z_impl_k_sem_take
 .text.z_impl_k_sem_reset
                0x0000000008015bd8       0x48 zephyr/kernel/libkernel.a(sem.c.obj)
                0x0000000008015bd8                z_impl_k_sem_reset